Archive member included to satisfy reference by file (symbol)

C:/devkitPro/libctru/lib\libcitro2d.a(base.o)
                              main.o (C2D_Init)
C:/devkitPro/libctru/lib\libcitro2d.a(text.o)
                              main.o (C2D_TextBufNew)
C:/devkitPro/libctru/lib\libcitro2d.a(font.o)
                              main.o (C2D_FontFree)
C:/devkitPro/libctru/lib\libcitro2d.a(render2d.shbin.o)
                              C:/devkitPro/libctru/lib\libcitro2d.a(base.o) (render2d_shbin)
C:/devkitPro/libctru/lib\libcitro3d.a(attribs.o)
                              C:/devkitPro/libctru/lib\libcitro2d.a(base.o) (AttrInfo_Init)
C:/devkitPro/libctru/lib\libcitro3d.a(base.o)
                              C:/devkitPro/libctru/lib\libcitro3d.a(attribs.o) (__C3D_Context)
C:/devkitPro/libctru/lib\libcitro3d.a(buffers.o)
                              C:/devkitPro/libctru/lib\libcitro2d.a(base.o) (BufInfo_Init)
C:/devkitPro/libctru/lib\libcitro3d.a(drawElements.o)
                              C:/devkitPro/libctru/lib\libcitro2d.a(base.o) (C3D_DrawElements)
C:/devkitPro/libctru/lib\libcitro3d.a(effect.o)
                              C:/devkitPro/libctru/lib\libcitro3d.a(base.o) (C3D_DepthMap)
C:/devkitPro/libctru/lib\libcitro3d.a(framebuffer.o)
                              C:/devkitPro/libctru/lib\libcitro3d.a(base.o) (C3Di_FrameBufBind)
C:/devkitPro/libctru/lib\libcitro3d.a(immediate.o)
                              C:/devkitPro/libctru/lib\libcitro3d.a(base.o) (C3D_ImmSendAttrib)
C:/devkitPro/libctru/lib\libcitro3d.a(proctex.o)
                              C:/devkitPro/libctru/lib\libcitro2d.a(base.o) (C3D_ProcTexInit)
C:/devkitPro/libctru/lib\libcitro3d.a(renderqueue.o)
                              C:/devkitPro/libctru/lib\libcitro3d.a(base.o) (C3Di_RenderQueueEnableVBlank)
C:/devkitPro/libctru/lib\libcitro3d.a(texenv.o)
                              C:/devkitPro/libctru/lib\libcitro2d.a(base.o) (C3D_GetTexEnv)
C:/devkitPro/libctru/lib\libcitro3d.a(texture.o)
                              C:/devkitPro/libctru/lib\libcitro2d.a(base.o) (C3D_TexBind)
C:/devkitPro/libctru/lib\libcitro3d.a(uniforms.o)
                              C:/devkitPro/libctru/lib\libcitro3d.a(base.o) (C3D_UpdateUniforms)
C:/devkitPro/libctru/lib\libcitro3d.a(mtx_multiply.o)
                              C:/devkitPro/libctru/lib\libcitro2d.a(base.o) (Mtx_Multiply)
C:/devkitPro/libctru/lib\libcitro3d.a(mtx_ortho.o)
                              C:/devkitPro/libctru/lib\libcitro2d.a(base.o) (Mtx_Ortho)
C:/devkitPro/libctru/lib\libcitro3d.a(mtx_orthotilt.o)
                              C:/devkitPro/libctru/lib\libcitro2d.a(base.o) (Mtx_OrthoTilt)
C:/devkitPro/libctru/lib\libcitro3d.a(mtx_rotatez.o)
                              C:/devkitPro/libctru/lib\libcitro2d.a(base.o) (Mtx_RotateZ)
C:/devkitPro/libctru/lib\libcitro3d.a(mtx_scale.o)
                              C:/devkitPro/libctru/lib\libcitro2d.a(base.o) (Mtx_Scale)
C:/devkitPro/libctru/lib\libcitro3d.a(mtx_translate.o)
                              C:/devkitPro/libctru/lib\libcitro2d.a(base.o) (Mtx_Translate)
C:/devkitPro/libctru/lib\libctru.a(linear.o)
                              C:/devkitPro/libctru/lib\libcitro2d.a(base.o) (linearAlloc)
C:/devkitPro/libctru/lib\libctru.a(mem_pool.o)
                              C:/devkitPro/libctru/lib\libctru.a(linear.o) (MemPool::Allocate(MemChunk&, unsigned long, int))
C:/devkitPro/libctru/lib\libctru.a(vram.o)
                              C:/devkitPro/libctru/lib\libcitro3d.a(renderqueue.o) (vramAlloc)
C:/devkitPro/libctru/lib\libctru.a(font.o)
                              C:/devkitPro/libctru/lib\libcitro2d.a(text.o) (fontEnsureMapped)
C:/devkitPro/libctru/lib\libctru.a(gfx.o)
                              C:/devkitPro/libctru/lib\libcitro2d.a(base.o) (gfxIsWide)
C:/devkitPro/libctru/lib\libctru.a(os.o)
                              C:/devkitPro/libctru/lib\libcitro3d.a(buffers.o) (osConvertVirtToPhys)
C:/devkitPro/libctru/lib\libctru.a(romfs_dev.o)
                              C:/devkitPro/libctru/lib\libcitro2d.a(font.o) (romfsMountFromTitle)
C:/devkitPro/libctru/lib\libctru.a(gpu.o)
                              C:/devkitPro/libctru/lib\libcitro3d.a(renderqueue.o) (gpuCmdBuf)
C:/devkitPro/libctru/lib\libctru.a(gx.o)
                              C:/devkitPro/libctru/lib\libcitro3d.a(renderqueue.o) (GX_BindQueue)
C:/devkitPro/libctru/lib\libctru.a(gxqueue.o)
                              C:/devkitPro/libctru/lib\libcitro3d.a(renderqueue.o) (gxCmdQueueClear)
C:/devkitPro/libctru/lib\libctru.a(shaderProgram.o)
                              C:/devkitPro/libctru/lib\libcitro2d.a(base.o) (shaderInstanceGetUniformLocation)
C:/devkitPro/libctru/lib\libctru.a(shbin.o)
                              C:/devkitPro/libctru/lib\libcitro2d.a(base.o) (DVLB_ParseFile)
C:/devkitPro/libctru/lib\libctru.a(apt.o)
[...]
Memory Configuration

Name             Origin             Length             Attributes
*default*        0x00000000         0xffffffff

Linker script and memory map

                0x00000000                        __sync_synchronize = __sync_synchronize_dmb
                0x00100000                        PROVIDE (__start__ = 0x100000)
                0x00100000                        . = __start__

.text           0x00100000    0x17fa4
 *(.crt0)
 .crt0          0x00100000       0x94 C:/devkitPro/devkitARM/bin/../lib/gcc/arm-none-eabi/15.1.0/../../../../arm-none-eabi/lib/armv6k/fpu/3dsx_crt0.o
                0x00100000                _start
                0x00100008                __service_ptr
                0x0010000c                __apt_appid
                0x00100010                __heap_size
                0x00100014                __linear_heap_size
                0x00100018                __system_arglist
                0x0010001c                __system_runflags
 *(.init)
 .init          0x00100094        0xc C:/devkitPro/devkitARM/bin/../lib/gcc/arm-none-eabi/15.1.0/armv6k/fpu/crti.o
                0x00100094                _init
 .init          0x001000a0        0xc C:/devkitPro/devkitARM/bin/../lib/gcc/arm-none-eabi/15.1.0/armv6k/fpu/crtn.o
                0x001000ac                        . = ALIGN (0x4)
 *(.text)
 .text          0x001000ac      0x20c C:/devkitPro/devkitARM/bin/../lib/gcc/arm-none-eabi/15.1.0/armv6k/fpu\libgcc.a(_udivsi3.o)
                0x001000ac                __aeabi_uidiv
                0x001000ac                __udivsi3
                0x00100298                __aeabi_uidivmod
 .text          0x001002b8      0x240 C:/devkitPro/devkitARM/bin/../lib/gcc/arm-none-eabi/15.1.0/armv6k/fpu\libgcc.a(_divsi3.o)
                0x001002b8                __divsi3
                0x001002b8                __aeabi_idiv
                0x001004d8                __aeabi_idivmod
 .text          0x001004f8        0x4 C:/devkitPro/devkitARM/bin/../lib/gcc/arm-none-eabi/15.1.0/armv6k/fpu\libgcc.a(_dvmd_tls.o)
                0x001004f8                __aeabi_idiv0
                0x001004f8                __aeabi_ldiv0
 .text          0x001004fc       0xd4 C:/devkitPro/devkitARM/bin/../lib/gcc/arm-none-eabi/15.1.0/armv6k/fpu\libgcc.a(_aeabi_ldivmod.o)
                0x001004fc                __aeabi_ldivmod
 *fill*         0x001005d0       0x10 
 .text          0x001005e0      0x390 C:/devkitPro/devkitARM/bin/../lib/gcc/arm-none-eabi/15.1.0/../../../../arm-none-eabi/lib/armv6k/fpu\libg.a(libc_a-strcmp.o)
                0x001005e8                strcmp
 *(.text.*)
 .text.__do_global_dtors_aux
                0x00100970       0x50 C:/devkitPro/devkitARM/bin/../lib/gcc/arm-none-eabi/15.1.0/armv6k/fpu/crtbegin.o
 .text.frame_dummy
                0x001009c0       0x2c C:/devkitPro/devkitARM/bin/../lib/gcc/arm-none-eabi/15.1.0/armv6k/fpu/crtbegin.o
 .text.saveToHistory.part.0
                0x001009ec       0xf0 main.o
 .text.initApp  0x00100adc       0x64 main.o
                0x00100adc                initApp
 .text.drawTextWide
                0x00100b40       0xac main.o
                0x00100b40                drawTextWide
 .text.drawUI   0x00100bec      0x53c main.o
                0x00100bec                drawUI
 .text.getCharGap
                0x00101128      0x12c main.o
                0x00101128                getCharGap
 .text.addToSentence
                0x00101254       0xa0 main.o
                0x00101254                addToSentence
 .text.processInput
                0x001012f4      0x52c main.o
                0x001012f4                processInput
 .text.startup.main
                0x00101820       0xc0 main.o
                0x00101820                main
 .text.C2Di_FrameEndHook
                0x001018e0       0x44 C:/devkitPro/libctru/lib\libcitro2d.a(base.o)
 *fill*         0x00101924        0x4 
 .text.C2D_Init
                0x00101928      0x36c C:/devkitPro/libctru/lib\libcitro2d.a(base.o)
                0x00101928                C2D_Init
 .text.C2D_Fini
                0x00101c94       0x4c C:/devkitPro/libctru/lib\libcitro2d.a(base.o)
                0x00101c94                C2D_Fini
 .text.C2D_Prepare
                0x00101ce0       0xb8 C:/devkitPro/libctru/lib\libcitro2d.a(base.o)
                0x00101ce0                C2D_Prepare
 .text.C2D_Flush
                0x00101d98       0x48 C:/devkitPro/libctru/lib\libcitro2d.a(base.o)
                0x00101d98                C2D_Flush
 .text.C2D_SceneSize
                0x00101de0      0x104 C:/devkitPro/libctru/lib\libcitro2d.a(base.o)
                0x00101de0                C2D_SceneSize
 .text.C2D_CreateScreenTarget
                0x00101ee4       0x58 C:/devkitPro/libctru/lib\libcitro2d.a(base.o)
                0x00101ee4                C2D_CreateScreenTarget
 .text.C2D_TargetClear
                0x00101f3c       0x64 C:/devkitPro/libctru/lib\libcitro2d.a(base.o)
                0x00101f3c                C2D_TargetClear
 .text.C2Di_AppendQuad
                0x00101fa0       0x58 C:/devkitPro/libctru/lib\libcitro2d.a(base.o)
                0x00101fa0                C2Di_AppendQuad
 .text.C2Di_AppendVtx
                0x00101ff8       0x40 C:/devkitPro/libctru/lib\libcitro2d.a(base.o)
                0x00101ff8                C2Di_AppendVtx
 .text.C2Di_Update
                0x00102038      0x550 C:/devkitPro/libctru/lib\libcitro2d.a(base.o)
                0x00102038                C2Di_Update
 .text.C2D_DrawRectangle
                0x00102588      0x158 C:/devkitPro/libctru/lib\libcitro2d.a(base.o)
                0x00102588                C2D_DrawRectangle
 .text.C2D_DrawEllipse
                0x001026e0      0x16c C:/devkitPro/libctru/lib\libcitro2d.a(base.o)
                0x001026e0                C2D_DrawEllipse
 .text.C2Di_GlyphComp
                0x0010284c       0x18 C:/devkitPro/libctru/lib\libcitro2d.a(text.o)
 .text.C2Di_CalcLineWidths
                0x00102864      0x140 C:/devkitPro/libctru/lib\libcitro2d.a(text.o)
 .text.C2D_TextBufNew
                0x001029a4      0x1dc C:/devkitPro/libctru/lib\libcitro2d.a(text.o)
                0x001029a4                C2D_TextBufNew
 .text.C2D_TextBufDelete
                0x00102b80        0x4 C:/devkitPro/libctru/lib\libcitro2d.a(text.o)
                0x00102b80                C2D_TextBufDelete
 .text.C2D_TextBufClear
                0x00102b84        0xc C:/devkitPro/libctru/lib\libcitro2d.a(text.o)
                0x00102b84                C2D_TextBufClear
 .text.C2D_TextFontParseLine
                0x00102b90      0x1c8 C:/devkitPro/libctru/lib\libcitro2d.a(text.o)
                0x00102b90                C2D_TextFontParseLine
 .text.C2D_TextFontParse
                0x00102d58       0xa8 C:/devkitPro/libctru/lib\libcitro2d.a(text.o)
                0x00102d58                C2D_TextFontParse
 .text.C2D_TextOptimize
                0x00102e00       0x30 C:/devkitPro/libctru/lib\libcitro2d.a(text.o)
                0x00102e00                C2D_TextOptimize
 .text.C2D_DrawText
                0x00102e30      0xf6c C:/devkitPro/libctru/lib\libcitro2d.a(text.o)
                0x00102e30                C2D_DrawText
 .text.C2D_FontFree
                0x00103d9c       0x28 C:/devkitPro/libctru/lib\libcitro2d.a(font.o)
                0x00103d9c                C2D_FontFree
 .text.C2Di_PostLoadFont
                0x00103dc4       0xe8 C:/devkitPro/libctru/lib\libcitro2d.a(font.o)
 .text.C2D_FontLoadSystem
                0x00103eac      0x1c0 C:/devkitPro/libctru/lib\libcitro2d.a(font.o)
                0x00103eac                C2D_FontLoadSystem
 .text.C2D_FontGlyphIndexFromCodePoint
                0x0010406c       0x44 C:/devkitPro/libctru/lib\libcitro2d.a(font.o)
                0x0010406c                C2D_FontGlyphIndexFromCodePoint
 .text.C2D_FontCalcGlyphPos
                0x001040b0       0x78 C:/devkitPro/libctru/lib\libcitro2d.a(font.o)
                0x001040b0                C2D_FontCalcGlyphPos
 .text.AttrInfo_Init
                0x00104128       0x28 C:/devkitPro/libctru/lib\libcitro3d.a(attribs.o)
                0x00104128                AttrInfo_Init
 .text.AttrInfo_AddLoader
                0x00104150       0x94 C:/devkitPro/libctru/lib\libcitro3d.a(attribs.o)
                0x00104150                AttrInfo_AddLoader
 .text.C3D_SetAttrInfo
                0x001041e4       0x54 C:/devkitPro/libctru/lib\libcitro3d.a(attribs.o)
                0x001041e4                C3D_SetAttrInfo
 .text.C3Di_AttrInfoBind
                0x00104238       0x80 C:/devkitPro/libctru/lib\libcitro3d.a(attribs.o)
                0x00104238                C3Di_AttrInfoBind
 .text.C3Di_LightEnvUpdate
                0x001042b8        0x4 C:/devkitPro/libctru/lib\libcitro3d.a(base.o)
                0x001042b8                C3Di_LightEnvUpdate
 .text.C3Di_LightEnvDirty
                0x001042bc        0x4 C:/devkitPro/libctru/lib\libcitro3d.a(base.o)
                0x001042bc                C3Di_LightEnvDirty
 .text.C3Di_AptEventHook
                0x001042c0       0xb4 C:/devkitPro/libctru/lib\libcitro3d.a(base.o)
 .text.C3Di_GasUpdate
                0x00104374        0x4 C:/devkitPro/libctru/lib\libcitro3d.a(base.o)
                0x00104374                C3Di_GasUpdate
 .text.C3D_Init
                0x00104378      0x1d0 C:/devkitPro/libctru/lib\libcitro3d.a(base.o)
                0x00104378                C3D_Init
 .text.C3D_SetViewport
                0x00104548       0x98 C:/devkitPro/libctru/lib\libcitro3d.a(base.o)
                0x00104548                C3D_SetViewport
 .text.C3Di_UpdateContext
                0x001045e0      0x4e8 C:/devkitPro/libctru/lib\libcitro3d.a(base.o)
                0x001045e0                C3Di_UpdateContext
 .text.C3Di_SplitFrame
                0x00104ac8       0xe0 C:/devkitPro/libctru/lib\libcitro3d.a(base.o)
                0x00104ac8                C3Di_SplitFrame
 .text.C3D_Fini
                0x00104ba8       0x44 C:/devkitPro/libctru/lib\libcitro3d.a(base.o)
                0x00104ba8                C3D_Fini
 .text.C3D_BindProgram
                0x00104bec      0x194 C:/devkitPro/libctru/lib\libcitro3d.a(base.o)
                0x00104bec                C3D_BindProgram
 .text.BufInfo_Init
                0x00104d80       0x24 C:/devkitPro/libctru/lib\libcitro3d.a(buffers.o)
                0x00104d80                BufInfo_Init
 .text.BufInfo_Add
                0x00104da4       0x80 C:/devkitPro/libctru/lib\libcitro3d.a(buffers.o)
                0x00104da4                BufInfo_Add
 .text.C3D_SetBufInfo
                0x00104e24       0x3c C:/devkitPro/libctru/lib\libcitro3d.a(buffers.o)
                0x00104e24                C3D_SetBufInfo
 .text.C3Di_BufInfoBind
                0x00104e60       0x48 C:/devkitPro/libctru/lib\libcitro3d.a(buffers.o)
                0x00104e60                C3Di_BufInfoBind
 .text.C3D_DrawElements
                0x00104ea8      0x21c C:/devkitPro/libctru/lib\libcitro3d.a(drawElements.o)
                0x00104ea8                C3D_DrawElements
 .text.C3D_DepthMap
                0x001050c4       0x40 C:/devkitPro/libctru/lib\libcitro3d.a(effect.o)
                0x001050c4                C3D_DepthMap
 .text.C3D_CullFace
                0x00105104       0x1c C:/devkitPro/libctru/lib\libcitro3d.a(effect.o)
                0x00105104                C3D_CullFace
 .text.C3D_StencilTest
                0x00105120       0x40 C:/devkitPro/libctru/lib\libcitro3d.a(effect.o)
                0x00105120                C3D_StencilTest
 .text.C3D_StencilOp
                0x00105160       0x24 C:/devkitPro/libctru/lib\libcitro3d.a(effect.o)
                0x00105160                C3D_StencilOp
 .text.C3D_BlendingColor
                0x00105184       0x1c C:/devkitPro/libctru/lib\libcitro3d.a(effect.o)
                0x00105184                C3D_BlendingColor
 .text.C3D_EarlyDepthTest
                0x001051a0       0x24 C:/devkitPro/libctru/lib\libcitro3d.a(effect.o)
                0x001051a0                C3D_EarlyDepthTest
 .text.C3D_DepthTest
                0x001051c4       0x2c C:/devkitPro/libctru/lib\libcitro3d.a(effect.o)
                0x001051c4                C3D_DepthTest
 .text.C3D_AlphaTest
                0x001051f0       0x2c C:/devkitPro/libctru/lib\libcitro3d.a(effect.o)
                0x001051f0                C3D_AlphaTest
 .text.C3D_AlphaBlend
                0x0010521c       0x50 C:/devkitPro/libctru/lib\libcitro3d.a(effect.o)
                0x0010521c                C3D_AlphaBlend
 .text.C3D_FragOpMode
                0x0010526c       0x30 C:/devkitPro/libctru/lib\libcitro3d.a(effect.o)
                0x0010526c                C3D_FragOpMode
 .text.C3D_FragOpShadow
                0x0010529c       0x44 C:/devkitPro/libctru/lib\libcitro3d.a(effect.o)
                0x0010529c                C3D_FragOpShadow
 .text.C3Di_EffectBind
                0x001052e0      0x1ac C:/devkitPro/libctru/lib\libcitro3d.a(effect.o)
                0x001052e0                C3Di_EffectBind
 .text.C3D_CalcColorBufSize
                0x0010548c       0x1c C:/devkitPro/libctru/lib\libcitro3d.a(framebuffer.o)
                0x0010548c                C3D_CalcColorBufSize
 .text.C3D_CalcDepthBufSize
                0x001054a8       0x1c C:/devkitPro/libctru/lib\libcitro3d.a(framebuffer.o)
                0x001054a8                C3D_CalcDepthBufSize
 .text.C3D_SetFrameBuf
                0x001054c4       0x44 C:/devkitPro/libctru/lib\libcitro3d.a(framebuffer.o)
                0x001054c4                C3D_SetFrameBuf
 .text.C3Di_FrameBufBind
                0x00105508      0x16c C:/devkitPro/libctru/lib\libcitro3d.a(framebuffer.o)
                0x00105508                C3Di_FrameBufBind
 .text.C3D_FrameBufClear
                0x00105674       0xc8 C:/devkitPro/libctru/lib\libcitro3d.a(framebuffer.o)
                0x00105674                C3D_FrameBufClear
 .text.C3D_FrameBufTransfer
                0x0010573c       0x44 C:/devkitPro/libctru/lib\libcitro3d.a(framebuffer.o)
                0x0010573c                C3D_FrameBufTransfer
 .text.C3D_ImmSendAttrib
                0x00105780       0xa8 C:/devkitPro/libctru/lib\libcitro3d.a(immediate.o)
                0x00105780                C3D_ImmSendAttrib
 .text.C3D_ProcTexInit
                0x00105828       0x70 C:/devkitPro/libctru/lib\libcitro3d.a(proctex.o)
                0x00105828                C3D_ProcTexInit
 .text.C3D_ProcTexBind
                0x00105898       0x54 C:/devkitPro/libctru/lib\libcitro3d.a(proctex.o)
                0x00105898                C3D_ProcTexBind
 .text.C3D_ProcTexLutBind
                0x001058ec       0x5c C:/devkitPro/libctru/lib\libcitro3d.a(proctex.o)
                0x001058ec                C3D_ProcTexLutBind
 .text.ProcTexLut_FromArray
                0x00105948       0xa4 C:/devkitPro/libctru/lib\libcitro3d.a(proctex.o)
                0x00105948                ProcTexLut_FromArray
 .text.C3Di_ProcTexUpdate
                0x001059ec      0x178 C:/devkitPro/libctru/lib\libcitro3d.a(proctex.o)
                0x001059ec                C3Di_ProcTexUpdate
 .text.C3Di_ProcTexDirty
                0x00105b64       0x68 C:/devkitPro/libctru/lib\libcitro3d.a(proctex.o)
                0x00105b64                C3Di_ProcTexDirty
 .text.onVBlank0
                0x00105bcc       0x4c C:/devkitPro/libctru/lib\libcitro3d.a(renderqueue.o)
 .text.onVBlank1
                0x00105c18       0x4c C:/devkitPro/libctru/lib\libcitro3d.a(renderqueue.o)
 .text.C3Di_RenderTargetDestroy
                0x00105c64       0x80 C:/devkitPro/libctru/lib\libcitro3d.a(renderqueue.o)
 .text.onQueueFinish
                0x00105ce4       0xf4 C:/devkitPro/libctru/lib\libcitro3d.a(renderqueue.o)
 .text.C3Di_RenderQueueEnableVBlank
                0x00105dd8       0x38 C:/devkitPro/libctru/lib\libcitro3d.a(renderqueue.o)
                0x00105dd8                C3Di_RenderQueueEnableVBlank
 .text.C3Di_RenderQueueDisableVBlank
                0x00105e10       0x30 C:/devkitPro/libctru/lib\libcitro3d.a(renderqueue.o)
                0x00105e10                C3Di_RenderQueueDisableVBlank
 .text.C3Di_RenderQueueInit
                0x00105e40       0x60 C:/devkitPro/libctru/lib\libcitro3d.a(renderqueue.o)
                0x00105e40                C3Di_RenderQueueInit
 .text.C3Di_RenderQueueExit
                0x00105ea0       0xb4 C:/devkitPro/libctru/lib\libcitro3d.a(renderqueue.o)
                0x00105ea0                C3Di_RenderQueueExit
 .text.C3Di_RenderQueueWaitDone
                0x00105f54       0x34 C:/devkitPro/libctru/lib\libcitro3d.a(renderqueue.o)
                0x00105f54                C3Di_RenderQueueWaitDone
 .text.C3D_FrameBegin
                0x00105f88       0xe8 C:/devkitPro/libctru/lib\libcitro3d.a(renderqueue.o)
                0x00105f88                C3D_FrameBegin
 .text.C3D_FrameDrawOn
                0x00106070       0x48 C:/devkitPro/libctru/lib\libcitro3d.a(renderqueue.o)
                0x00106070                C3D_FrameDrawOn
 .text.C3D_FrameSplit
                0x001060b8       0x58 C:/devkitPro/libctru/lib\libcitro3d.a(renderqueue.o)
                0x001060b8                C3D_FrameSplit
 .text.C3D_FrameEnd
                0x00106110      0x1d0 C:/devkitPro/libctru/lib\libcitro3d.a(renderqueue.o)
                0x00106110                C3D_FrameEnd
 .text.C3D_FrameEndHook
                0x001062e0       0x1c C:/devkitPro/libctru/lib\libcitro3d.a(renderqueue.o)
                0x001062e0                C3D_FrameEndHook
 .text.C3D_RenderTargetCreate
                0x001062fc      0x170 C:/devkitPro/libctru/lib\libcitro3d.a(renderqueue.o)
                0x001062fc                C3D_RenderTargetCreate
 .text.C3D_RenderTargetSetOutput
                0x0010646c       0xa8 C:/devkitPro/libctru/lib\libcitro3d.a(renderqueue.o)
                0x0010646c                C3D_RenderTargetSetOutput
 .text.C3D_GetTexEnv
                0x00106514       0x34 C:/devkitPro/libctru/lib\libcitro3d.a(texenv.o)
                0x00106514                C3D_GetTexEnv
 .text.C3Di_TexEnvBind
                0x00106548       0x24 C:/devkitPro/libctru/lib\libcitro3d.a(texenv.o)
                0x00106548                C3Di_TexEnvBind
 .text.C3D_TexBind
                0x0010656c       0x44 C:/devkitPro/libctru/lib\libcitro3d.a(texture.o)
                0x0010656c                C3D_TexBind
 .text.C3Di_SetTex
                0x001065b0      0x14c C:/devkitPro/libctru/lib\libcitro3d.a(texture.o)
                0x001065b0                C3Di_SetTex
 .text.C3D_UpdateUniforms
                0x001066fc      0x290 C:/devkitPro/libctru/lib\libcitro3d.a(uniforms.o)
                0x001066fc                C3D_UpdateUniforms
 .text.C3Di_DirtyUniforms
                0x0010698c       0xc0 C:/devkitPro/libctru/lib\libcitro3d.a(uniforms.o)
                0x0010698c                C3Di_DirtyUniforms
 .text.C3Di_LoadShaderUniforms
                0x00106a4c       0xd8 C:/devkitPro/libctru/lib\libcitro3d.a(uniforms.o)
                0x00106a4c                C3Di_LoadShaderUniforms
 .text.C3Di_ClearShaderUniforms
                0x00106b24       0x28 C:/devkitPro/libctru/lib\libcitro3d.a(uniforms.o)
                0x00106b24                C3Di_ClearShaderUniforms
 .text.Mtx_Ortho
                0x00106b4c       0xcc C:/devkitPro/libctru/lib\libcitro3d.a(mtx_ortho.o)
                0x00106b4c                Mtx_Ortho
 .text.Mtx_OrthoTilt
                0x00106c18       0xcc C:/devkitPro/libctru/lib\libcitro3d.a(mtx_orthotilt.o)
                0x00106c18                Mtx_OrthoTilt
 .text._ZL21addrMapNodeComparatorPK11rbtree_nodeS1_
                0x00106ce4       0x24 C:/devkitPro/libctru/lib\libctru.a(linear.o)
 .text._ZL21addrMapNodeDestructorP11rbtree_node
                0x00106d08        0x4 C:/devkitPro/libctru/lib\libctru.a(linear.o)
 .text.linearMemAlign
                0x00106d0c      0x12c C:/devkitPro/libctru/lib\libctru.a(linear.o)
                0x00106d0c                linearMemAlign
 .text.linearAlloc
                0x00106e38        0x8 C:/devkitPro/libctru/lib\libctru.a(linear.o)
                0x00106e38                linearAlloc
 .text.linearFree
                0x00106e40       0x5c C:/devkitPro/libctru/lib\libctru.a(linear.o)
                0x00106e40                linearFree
 .text._ZN7MemPool13CoalesceRightEP8MemBlock
                0x00106e9c       0x88 C:/devkitPro/libctru/lib\libctru.a(mem_pool.o)
                0x00106e9c                MemPool::CoalesceRight(MemBlock*)
 .text._ZN7MemPool8AllocateER8MemChunkmi
                0x00106f24      0x178 C:/devkitPro/libctru/lib\libctru.a(mem_pool.o)
                0x00106f24                MemPool::Allocate(MemChunk&, unsigned long, int)
 .text._ZN7MemPool10DeallocateERK8MemChunk
                0x0010709c      0x118 C:/devkitPro/libctru/lib\libctru.a(mem_pool.o)
                0x0010709c                MemPool::Deallocate(MemChunk const&)
 .text._ZN7MemPool12GetFreeSpaceEv
                0x001071b4       0x30 C:/devkitPro/libctru/lib\libctru.a(mem_pool.o)
                0x001071b4                MemPool::GetFreeSpace()
 .text._ZL21addrMapNodeComparatorPK11rbtree_nodeS1_
                0x001071e4       0x24 C:/devkitPro/libctru/lib\libctru.a(vram.o)
 .text._ZL21addrMapNodeDestructorP11rbtree_node
                0x00107208        0x4 C:/devkitPro/libctru/lib\libctru.a(vram.o)
 .text.vramMemAlignAt
                0x0010720c      0x248 C:/devkitPro/libctru/lib\libctru.a(vram.o)
                0x0010720c                vramMemAlignAt
 .text.vramAlloc
                0x00107454        0xc C:/devkitPro/libctru/lib\libctru.a(vram.o)
                0x00107454                vramAlloc
 .text.vramAllocAt
                0x00107460        0xc C:/devkitPro/libctru/lib\libctru.a(vram.o)
                0x00107460                vramAllocAt
 .text.vramFree
                0x0010746c       0x94 C:/devkitPro/libctru/lib\libctru.a(vram.o)
                0x0010746c                vramFree
 .text.fontEnsureMapped
                0x00107500       0x9c C:/devkitPro/libctru/lib\libctru.a(font.o)
                0x00107500                fontEnsureMapped
 .text.fontFixPointers
                0x0010759c       0x7c C:/devkitPro/libctru/lib\libctru.a(font.o)
                0x0010759c                fontFixPointers
 .text.fontGlyphIndexFromCodePoint
                0x00107618      0x100 C:/devkitPro/libctru/lib\libctru.a(font.o)
                0x00107618                fontGlyphIndexFromCodePoint
 .text.fontCalcGlyphPos
                0x00107718      0x214 C:/devkitPro/libctru/lib\libctru.a(font.o)
                0x00107718                fontCalcGlyphPos
 .text.gfxPresentFramebuffer
                0x0010792c       0xcc C:/devkitPro/libctru/lib\libctru.a(gfx.o)
 .text.gfxIsWide
                0x001079f8       0x1c C:/devkitPro/libctru/lib\libctru.a(gfx.o)
                0x001079f8                gfxIsWide
 .text.gfxSetScreenFormat
                0x00107a14       0xf8 C:/devkitPro/libctru/lib\libctru.a(gfx.o)
                0x00107a14                gfxSetScreenFormat
 .text.gfxInit  0x00107b0c       0xd8 C:/devkitPro/libctru/lib\libctru.a(gfx.o)
                0x00107b0c                gfxInit
 .text.gfxInitDefault
                0x00107be4       0x10 C:/devkitPro/libctru/lib\libctru.a(gfx.o)
                0x00107be4                gfxInitDefault
 .text.gfxExit  0x00107bf4       0xb8 C:/devkitPro/libctru/lib\libctru.a(gfx.o)
                0x00107bf4                gfxExit
 .text.gfxGetFramebuffer
                0x00107cac       0xa0 C:/devkitPro/libctru/lib\libctru.a(gfx.o)
                0x00107cac                gfxGetFramebuffer
 .text.gfxScreenSwapBuffers
                0x00107d4c       0x28 C:/devkitPro/libctru/lib\libctru.a(gfx.o)
                0x00107d4c                gfxScreenSwapBuffers
 .text.osConvertVirtToPhys
                0x00107d74       0x74 C:/devkitPro/libctru/lib\libctru.a(os.o)
                0x00107d74                osConvertVirtToPhys
 .text.osGetTimeRef
                0x00107de8       0x54 C:/devkitPro/libctru/lib\libctru.a(os.o)
                0x00107de8                osGetTimeRef
 .text.osGetTime
                0x00107e3c       0xec C:/devkitPro/libctru/lib\libctru.a(os.o)
                0x00107e3c                osGetTime
 .text.__ctru_speedup_config
                0x00107f28       0x34 C:/devkitPro/libctru/lib\libctru.a(os.o)
                0x00107f28                __ctru_speedup_config
 .text.romfs_close
                0x00107f5c        0x8 C:/devkitPro/libctru/lib\libctru.a(romfs_dev.o)
 .text.romfs_seek
                0x00107f64       0xac C:/devkitPro/libctru/lib\libctru.a(romfs_dev.o)
 .text.romfs_dirreset
                0x00108010       0x24 C:/devkitPro/libctru/lib\libctru.a(romfs_dev.o)
 .text.fill_dir
                0x00108034       0xc0 C:/devkitPro/libctru/lib\libctru.a(romfs_dev.o)
 .text.romfs_dirnext
                0x001080f4      0x2ac C:/devkitPro/libctru/lib\libctru.a(romfs_dev.o)
 .text.romfs_free
                0x001083a0       0x74 C:/devkitPro/libctru/lib\libctru.a(romfs_dev.o)
 .text.searchForFile.constprop.0
                0x00108414       0xd0 C:/devkitPro/libctru/lib\libctru.a(romfs_dev.o)
 .text.searchForDir.constprop.0
                0x001084e4       0xd4 C:/devkitPro/libctru/lib\libctru.a(romfs_dev.o)
 .text.navigateToDir.constprop.0
                0x001085b8      0x1c0 C:/devkitPro/libctru/lib\libctru.a(romfs_dev.o)
 .text.romfs_open
                0x00108778      0x114 C:/devkitPro/libctru/lib\libctru.a(romfs_dev.o)
 .text.romfs_chdir
                0x0010888c       0x4c C:/devkitPro/libctru/lib\libctru.a(romfs_dev.o)
 .text.romfs_diropen
                0x001088d8       0x68 C:/devkitPro/libctru/lib\libctru.a(romfs_dev.o)
 .text.romfs_stat
                0x00108940      0x178 C:/devkitPro/libctru/lib\libctru.a(romfs_dev.o)
 .text.romfs_dirclose
                0x00108ab8        0x8 C:/devkitPro/libctru/lib\libctru.a(romfs_dev.o)
 .text.romfs_fstat
                0x00108ac0       0x7c C:/devkitPro/libctru/lib\libctru.a(romfs_dev.o)
 .text.romfs_read
                0x00108b3c       0xd0 C:/devkitPro/libctru/lib\libctru.a(romfs_dev.o)
 .text.romfsMountFromFile
                0x00108c0c      0x28c C:/devkitPro/libctru/lib\libctru.a(romfs_dev.o)
                0x00108c0c                romfsMountFromFile
 .text.romfsMountFromTitle
                0x00108e98       0xac C:/devkitPro/libctru/lib\libctru.a(romfs_dev.o)
                0x00108e98                romfsMountFromTitle
 .text.romfsUnmount
                0x00108f44       0xa0 C:/devkitPro/libctru/lib\libctru.a(romfs_dev.o)
                0x00108f44                romfsUnmount
 .text.GPUCMD_Add
                0x00108fe4      0x13c C:/devkitPro/libctru/lib\libctru.a(gpu.o)
                0x00108fe4                GPUCMD_Add
 .text.GPUCMD_Split
                0x00109120       0xb0 C:/devkitPro/libctru/lib\libctru.a(gpu.o)
                0x00109120                GPUCMD_Split
 .text.f32tof16
                0x001091d0       0x34 C:/devkitPro/libctru/lib\libctru.a(gpu.o)
                0x001091d0                f32tof16
 .text.f32tof24
                0x00109204       0x34 C:/devkitPro/libctru/lib\libctru.a(gpu.o)
                0x00109204                f32tof24
 .text.f32tof31
                0x00109238       0x38 C:/devkitPro/libctru/lib\libctru.a(gpu.o)
                0x00109238                f32tof31
 .text.GX_BindQueue
                0x00109270       0x10 C:/devkitPro/libctru/lib\libctru.a(gx.o)
                0x00109270                GX_BindQueue
 .text.GX_ProcessCommandList
                0x00109280       0x7c C:/devkitPro/libctru/lib\libctru.a(gx.o)
                0x00109280                GX_ProcessCommandList
 .text.GX_MemoryFill
                0x001092fc       0x74 C:/devkitPro/libctru/lib\libctru.a(gx.o)
                0x001092fc                GX_MemoryFill
 .text.GX_DisplayTransfer
                0x00109370       0x74 C:/devkitPro/libctru/lib\libctru.a(gx.o)
                0x00109370                GX_DisplayTransfer
 .text.gxCmdQueueDoCommands.part.0
                0x001093e4       0x64 C:/devkitPro/libctru/lib\libctru.a(gxqueue.o)
 .text.gxCmdQueueInterrupt
                0x00109448       0xe4 C:/devkitPro/libctru/lib\libctru.a(gxqueue.o)
                0x00109448                gxCmdQueueInterrupt
 .text.gxCmdQueueClear
                0x0010952c       0x68 C:/devkitPro/libctru/lib\libctru.a(gxqueue.o)
                0x0010952c                gxCmdQueueClear
 .text.gxCmdQueueAdd
                0x00109594      0x108 C:/devkitPro/libctru/lib\libctru.a(gxqueue.o)
                0x00109594                gxCmdQueueAdd
 .text.gxCmdQueueRun
                0x0010969c       0x80 C:/devkitPro/libctru/lib\libctru.a(gxqueue.o)
                0x0010969c                gxCmdQueueRun
 .text.gxCmdQueueStop
                0x0010971c       0x64 C:/devkitPro/libctru/lib\libctru.a(gxqueue.o)
                0x0010971c                gxCmdQueueStop
 .text.gxCmdQueueWait
                0x00109780       0x8c C:/devkitPro/libctru/lib\libctru.a(gxqueue.o)
                0x00109780                gxCmdQueueWait
 .text.shaderInstanceInit
                0x0010980c      0x1e0 C:/devkitPro/libctru/lib\libctru.a(shaderProgram.o)
                0x0010980c                shaderInstanceInit
 .text.shaderInstanceGetUniformLocation
                0x001099ec       0x18 C:/devkitPro/libctru/lib\libctru.a(shaderProgram.o)
                0x001099ec                shaderInstanceGetUniformLocation
 .text.shaderProgramInit
                0x00109a04       0x1c C:/devkitPro/libctru/lib\libctru.a(shaderProgram.o)
                0x00109a04                shaderProgramInit
 .text.shaderProgramFree
                0x00109a20       0x74 C:/devkitPro/libctru/lib\libctru.a(shaderProgram.o)
                0x00109a20                shaderProgramFree
 .text.shaderProgramSetVsh
                0x00109a94       0x94 C:/devkitPro/libctru/lib\libctru.a(shaderProgram.o)
                0x00109a94                shaderProgramSetVsh
 .text.shaderProgramConfigure
                0x00109b28      0x8d0 C:/devkitPro/libctru/lib\libctru.a(shaderProgram.o)
                0x00109b28                shaderProgramConfigure
 .text.DVLE_GenerateOutmap.part.0
                0x0010a3f8      0x1dc C:/devkitPro/libctru/lib\libctru.a(shbin.o)
 .text.DVLB_ParseFile
                0x0010a5d4      0x1ac C:/devkitPro/libctru/lib\libctru.a(shbin.o)
                0x0010a5d4                DVLB_ParseFile
 .text.DVLB_Free
                0x0010a780       0x50 C:/devkitPro/libctru/lib\libctru.a(shbin.o)
                0x0010a780                DVLB_Free
 .text.DVLE_GetUniformRegister
                0x0010a7d0       0x74 C:/devkitPro/libctru/lib\libctru.a(shbin.o)
                0x0010a7d0                DVLE_GetUniformRegister
 .text.aptConvertScreenForCapture
                0x0010a844      0x180 C:/devkitPro/libctru/lib\libctru.a(apt.o)
 .text.aptDspSleep
                0x0010a9c4        0x8 C:/devkitPro/libctru/lib\libctru.a(apt.o)
                0x0010a9c4                aptDspSleep
 .text.aptDspWakeup
                0x0010a9cc        0x4 C:/devkitPro/libctru/lib\libctru.a(apt.o)
                0x0010a9cc                aptDspWakeup
 .text.aptDspCancel
                0x0010a9d0        0x4 C:/devkitPro/libctru/lib\libctru.a(apt.o)
                0x0010a9d0                aptDspCancel
 .text.aptSendCommand
                0x0010a9d4      0x138 C:/devkitPro/libctru/lib\libctru.a(apt.o)
                0x0010a9d4                aptSendCommand
 *fill*         0x0010ab0c        0x4 
 .text.aptExitProcess
                0x0010ab10       0x44 C:/devkitPro/libctru/lib\libctru.a(apt.o)
 .text.aptExit  0x0010ab54      0x394 C:/devkitPro/libctru/lib\libctru.a(apt.o)
                0x0010ab54                aptExit
 .text.aptHandleSleep
                0x0010aee8       0xd8 C:/devkitPro/libctru/lib\libctru.a(apt.o)
                0x0010aee8                aptHandleSleep
 .text.aptHook  0x0010afc0       0x34 C:/devkitPro/libctru/lib\libctru.a(apt.o)
                0x0010afc0                aptHook
 .text.aptUnhook
                0x0010aff4       0x30 C:/devkitPro/libctru/lib\libctru.a(apt.o)
                0x0010aff4                aptUnhook
 .text.APT_SleepIfShellClosed
                0x0010b024       0x84 C:/devkitPro/libctru/lib\libctru.a(apt.o)
                0x0010b024                APT_SleepIfShellClosed
 .text.aptSetSleepAllowed
                0x0010b0a8       0x78 C:/devkitPro/libctru/lib\libctru.a(apt.o)
                0x0010b0a8                aptSetSleepAllowed
 .text.APT_UnlockTransition
                0x0010b120       0x84 C:/devkitPro/libctru/lib\libctru.a(apt.o)
                0x0010b120                APT_UnlockTransition
 *fill*         0x0010b1a4        0x4 
 .text.aptEventHandler
                0x0010b1a8      0x470 C:/devkitPro/libctru/lib\libctru.a(apt.o)
 .text.APT_ReceiveParameter
                0x0010b618       0xbc C:/devkitPro/libctru/lib\libctru.a(apt.o)
                0x0010b618                APT_ReceiveParameter
 .text.aptReceiveParameter.constprop.0
                0x0010b6d4       0xb0 C:/devkitPro/libctru/lib\libctru.a(apt.o)
 *fill*         0x0010b784        0x4 
 .text.aptScreenTransfer
                0x0010b788      0x294 C:/devkitPro/libctru/lib\libctru.a(apt.o)
 .text.aptWaitForWakeUp.isra.0
                0x0010ba1c      0x2d0 C:/devkitPro/libctru/lib\libctru.a(apt.o)
 .text.aptJumpToHomeMenu
                0x0010bcec       0xf4 C:/devkitPro/libctru/lib\libctru.a(apt.o)
                0x0010bcec                aptJumpToHomeMenu
 .text.aptMainLoop
                0x0010bde0       0x58 C:/devkitPro/libctru/lib\libctru.a(apt.o)
                0x0010bde0                aptMainLoop
 .text.aptInit  0x0010be38      0x240 C:/devkitPro/libctru/lib\libctru.a(apt.o)
                0x0010be38                aptInit
 .text.APT_CheckNew3DS
                0x0010c078       0x90 C:/devkitPro/libctru/lib\libctru.a(apt.o)
                0x0010c078                APT_CheckNew3DS
 .text.APT_GetSharedFont
                0x0010c108       0x48 C:/devkitPro/libctru/lib\libctru.a(apt.o)
                0x0010c108                APT_GetSharedFont
 .text.CFGU_SecureInfoGetRegion
                0x0010c150       0x38 C:/devkitPro/libctru/lib\libctru.a(cfgu.o)
                0x0010c150                CFGU_SecureInfoGetRegion
 .text.fsInit   0x0010c188      0x104 C:/devkitPro/libctru/lib\libctru.a(fs.o)
                0x0010c188                fsInit
 .text.fsExit   0x0010c28c       0x3c C:/devkitPro/libctru/lib\libctru.a(fs.o)
                0x0010c28c                fsExit
 .text.fsExemptFromSession
                0x0010c2c8       0x68 C:/devkitPro/libctru/lib\libctru.a(fs.o)
                0x0010c2c8                fsExemptFromSession
 .text.fsUnexemptFromSession
                0x0010c330       0x50 C:/devkitPro/libctru/lib\libctru.a(fs.o)
                0x0010c330                fsUnexemptFromSession
 .text.FSUSER_OpenFile
                0x0010c380       0xcc C:/devkitPro/libctru/lib\libctru.a(fs.o)
                0x0010c380                FSUSER_OpenFile
 .text.FSUSER_OpenFileDirectly
                0x0010c44c       0xcc C:/devkitPro/libctru/lib\libctru.a(fs.o)
                0x0010c44c                FSUSER_OpenFileDirectly
 .text.FSUSER_DeleteFile
                0x0010c518       0xb8 C:/devkitPro/libctru/lib\libctru.a(fs.o)
                0x0010c518                FSUSER_DeleteFile
 .text.FSUSER_RenameFile
                0x0010c5d0       0xf4 C:/devkitPro/libctru/lib\libctru.a(fs.o)
                0x0010c5d0                FSUSER_RenameFile
 .text.FSUSER_DeleteDirectory
                0x0010c6c4       0xb8 C:/devkitPro/libctru/lib\libctru.a(fs.o)
                0x0010c6c4                FSUSER_DeleteDirectory
 .text.FSUSER_CreateFile
                0x0010c77c       0xd0 C:/devkitPro/libctru/lib\libctru.a(fs.o)
                0x0010c77c                FSUSER_CreateFile
 .text.FSUSER_CreateDirectory
                0x0010c84c       0xc0 C:/devkitPro/libctru/lib\libctru.a(fs.o)
                0x0010c84c                FSUSER_CreateDirectory
 .text.FSUSER_RenameDirectory
                0x0010c90c       0xf4 C:/devkitPro/libctru/lib\libctru.a(fs.o)
                0x0010c90c                FSUSER_RenameDirectory
 .text.FSUSER_OpenDirectory
                0x0010ca00       0xb4 C:/devkitPro/libctru/lib\libctru.a(fs.o)
                0x0010ca00                FSUSER_OpenDirectory
 .text.FSUSER_OpenArchive
                0x0010cab4       0x90 C:/devkitPro/libctru/lib\libctru.a(fs.o)
                0x0010cab4                FSUSER_OpenArchive
 .text.FSUSER_CloseArchive
                0x0010cb44       0x8c C:/devkitPro/libctru/lib\libctru.a(fs.o)
                0x0010cb44                FSUSER_CloseArchive
 .text.FSUSER_GetSdmcArchiveResource
                0x0010cbd0       0x74 C:/devkitPro/libctru/lib\libctru.a(fs.o)
                0x0010cbd0                FSUSER_GetSdmcArchiveResource
 .text.FSUSER_IsSdmcWritable
                0x0010cc44       0x64 C:/devkitPro/libctru/lib\libctru.a(fs.o)
                0x0010cc44                FSUSER_IsSdmcWritable
 .text.FSFILE_Read
                0x0010cca8       0x64 C:/devkitPro/libctru/lib\libctru.a(fs.o)
                0x0010cca8                FSFILE_Read
 .text.FSFILE_Write
                0x0010cd0c       0x6c C:/devkitPro/libctru/lib\libctru.a(fs.o)
                0x0010cd0c                FSFILE_Write
 .text.FSFILE_GetSize
                0x0010cd78       0x44 C:/devkitPro/libctru/lib\libctru.a(fs.o)
                0x0010cd78                FSFILE_GetSize
 .text.FSFILE_SetSize
                0x0010cdbc       0x28 C:/devkitPro/libctru/lib\libctru.a(fs.o)
                0x0010cdbc                FSFILE_SetSize
 .text.FSFILE_Close
                0x0010cde4       0x3c C:/devkitPro/libctru/lib\libctru.a(fs.o)
                0x0010cde4                FSFILE_Close
 .text.FSFILE_Flush
                0x0010ce20       0x24 C:/devkitPro/libctru/lib\libctru.a(fs.o)
                0x0010ce20                FSFILE_Flush
 .text.FSDIR_Read
                0x0010ce44       0x60 C:/devkitPro/libctru/lib\libctru.a(fs.o)
                0x0010ce44                FSDIR_Read
 .text.FSDIR_Close
                0x0010cea4       0x3c C:/devkitPro/libctru/lib\libctru.a(fs.o)
                0x0010cea4                FSDIR_Close
 .text.gspHardwareInit
                0x0010cee0      0xc70 C:/devkitPro/libctru/lib\libctru.a(gspgpu.o)
 .text.gspInit  0x0010db50      0x280 C:/devkitPro/libctru/lib\libctru.a(gspgpu.o)
                0x0010db50                gspInit
 .text.gspExit  0x0010ddd0      0x110 C:/devkitPro/libctru/lib\libctru.a(gspgpu.o)
                0x0010ddd0                gspExit
 .text.gspHasGpuRight
                0x0010dee0       0x10 C:/devkitPro/libctru/lib\libctru.a(gspgpu.o)
                0x0010dee0                gspHasGpuRight
 .text.gspPresentBuffer
                0x0010def0       0xa4 C:/devkitPro/libctru/lib\libctru.a(gspgpu.o)
                0x0010def0                gspPresentBuffer
 .text.gspSetEventCallback
                0x0010df94       0x30 C:/devkitPro/libctru/lib\libctru.a(gspgpu.o)
                0x0010df94                gspSetEventCallback
 .text.gspWaitForEvent
                0x0010dfc4       0x50 C:/devkitPro/libctru/lib\libctru.a(gspgpu.o)
                0x0010dfc4                gspWaitForEvent
 .text.gspWaitForAnyEvent
                0x0010e014       0x4c C:/devkitPro/libctru/lib\libctru.a(gspgpu.o)
                0x0010e014                gspWaitForAnyEvent
 .text.gspEventThreadMain
                0x0010e060      0x154 C:/devkitPro/libctru/lib\libctru.a(gspgpu.o)
 .text.gspSubmitGxCommand
                0x0010e1b4      0x12c C:/devkitPro/libctru/lib\libctru.a(gspgpu.o)
                0x0010e1b4                gspSubmitGxCommand
 .text.GSPGPU_FlushDataCache
                0x0010e2e0       0x50 C:/devkitPro/libctru/lib\libctru.a(gspgpu.o)
                0x0010e2e0                GSPGPU_FlushDataCache
 .text.GSPGPU_SetLcdForceBlack
                0x0010e330       0x34 C:/devkitPro/libctru/lib\libctru.a(gspgpu.o)
                0x0010e330                GSPGPU_SetLcdForceBlack
 .text.GSPGPU_AcquireRight
                0x0010e364       0x80 C:/devkitPro/libctru/lib\libctru.a(gspgpu.o)
                0x0010e364                GSPGPU_AcquireRight
 .text.GSPGPU_ReleaseRight
                0x0010e3e4       0x5c C:/devkitPro/libctru/lib\libctru.a(gspgpu.o)
                0x0010e3e4                GSPGPU_ReleaseRight
 .text.GSPGPU_ImportDisplayCaptureInfo
                0x0010e440       0x7c C:/devkitPro/libctru/lib\libctru.a(gspgpu.o)
                0x0010e440                GSPGPU_ImportDisplayCaptureInfo
 .text.GSPGPU_SaveVramSysArea
                0x0010e4bc       0x2c C:/devkitPro/libctru/lib\libctru.a(gspgpu.o)
                0x0010e4bc                GSPGPU_SaveVramSysArea
 .text.GSPGPU_RestoreVramSysArea
                0x0010e4e8       0x2c C:/devkitPro/libctru/lib\libctru.a(gspgpu.o)
                0x0010e4e8                GSPGPU_RestoreVramSysArea
 .text.hidShouldUseIrrst
                0x0010e514       0x24 C:/devkitPro/libctru/lib\libctru.a(hid.o)
                0x0010e514                hidShouldUseIrrst
 .text.hidInit  0x0010e538      0x1cc C:/devkitPro/libctru/lib\libctru.a(hid.o)
                0x0010e538                hidInit
 .text.hidExit  0x0010e704       0xe8 C:/devkitPro/libctru/lib\libctru.a(hid.o)
                0x0010e704                hidExit
 .text.hidScanInput
                0x0010e7ec      0x2a0 C:/devkitPro/libctru/lib\libctru.a(hid.o)
                0x0010e7ec                hidScanInput
 .text.hidKeysDown
                0x0010ea8c       0x10 C:/devkitPro/libctru/lib\libctru.a(hid.o)
                0x0010ea8c                hidKeysDown
 .text.hidKeysUp
                0x0010ea9c       0x10 C:/devkitPro/libctru/lib\libctru.a(hid.o)
                0x0010ea9c                hidKeysUp
 .text.hidTouchRead
                0x0010eaac       0x18 C:/devkitPro/libctru/lib\libctru.a(hid.o)
                0x0010eaac                hidTouchRead
 .text.irrstInit
                0x0010eac4      0x1a4 C:/devkitPro/libctru/lib\libctru.a(irrst.o)
                0x0010eac4                irrstInit
 .text.irrstExit
                0x0010ec68       0xdc C:/devkitPro/libctru/lib\libctru.a(irrst.o)
                0x0010ec68                irrstExit
 .text.irrstScanInput
                0x0010ed44       0xb4 C:/devkitPro/libctru/lib\libctru.a(irrst.o)
                0x0010ed44                irrstScanInput
 .text.irrstKeysHeld
                0x0010edf8       0x24 C:/devkitPro/libctru/lib\libctru.a(irrst.o)
                0x0010edf8                irrstKeysHeld
 .text.ptmSysmInit
                0x0010ee1c       0x78 C:/devkitPro/libctru/lib\libctru.a(ptmsysm.o)
                0x0010ee1c                ptmSysmInit
 .text.ptmSysmExit
                0x0010ee94       0x3c C:/devkitPro/libctru/lib\libctru.a(ptmsysm.o)
                0x0010ee94                ptmSysmExit
 .text.PTMSYSM_ConfigureNew3DSCPU
                0x0010eed0       0x34 C:/devkitPro/libctru/lib\libctru.a(ptmsysm.o)
                0x0010eed0                PTMSYSM_ConfigureNew3DSCPU
 .text.buffer_read
                0x0010ef04       0xe0 C:/devkitPro/libctru/lib\libctru.a(decompress.o)
 .text.iov_memmove
                0x0010efe4      0x164 C:/devkitPro/libctru/lib\libctru.a(decompress.o)
 .text.decompress_lz11
                0x0010f148      0x418 C:/devkitPro/libctru/lib\libctru.a(decompress.o)
 .text.decompressV_LZ11
                0x0010f560      0x110 C:/devkitPro/libctru/lib\libctru.a(decompress.o)
                0x0010f560                decompressV_LZ11
 .text.rbtree_find
                0x0010f670       0x74 C:/devkitPro/libctru/lib\libctru.a(rbtree_find.o)
                0x0010f670                rbtree_find
 .text.rbtree_init
                0x0010f6e4       0x10 C:/devkitPro/libctru/lib\libctru.a(rbtree_init.o)
                0x0010f6e4                rbtree_init
 .text.do_insert
                0x0010f6f4      0x198 C:/devkitPro/libctru/lib\libctru.a(rbtree_insert.o)
 .text.rbtree_insert
                0x0010f88c        0x8 C:/devkitPro/libctru/lib\libctru.a(rbtree_insert.o)
                0x0010f88c                rbtree_insert
 .text.rbtree_remove
                0x0010f894      0x310 C:/devkitPro/libctru/lib\libctru.a(rbtree_remove.o)
                0x0010f894                rbtree_remove
 .text.rbtree_rotate
                0x0010fba4       0x90 C:/devkitPro/libctru/lib\libctru.a(rbtree_rotate.o)
                0x0010fba4                rbtree_rotate
 .text.decode_utf8
                0x0010fc34      0x140 C:/devkitPro/libctru/lib\libctru.a(decode_utf8.o)
                0x0010fc34                decode_utf8
 .text.utf16_to_utf8
                0x0010fd74       0xe8 C:/devkitPro/libctru/lib\libctru.a(utf16_to_utf8.o)
                0x0010fd74                utf16_to_utf8
 .text.utf8_to_utf16
                0x0010fe5c       0xc0 C:/devkitPro/libctru/lib\libctru.a(utf8_to_utf16.o)
                0x0010fe5c                utf8_to_utf16
 *fill*         0x0010ff1c        0x4 
 .text.__system_allocateHeaps
                0x0010ff20      0x1e8 C:/devkitPro/libctru/lib\libctru.a(allocateHeaps.o)
                0x0010ff20                __system_allocateHeaps
 .text.__libctru_init
                0x00110108       0x38 C:/devkitPro/libctru/lib\libctru.a(ctru_init.o)
                0x00110108                __libctru_init
 .text.__system_initArgv
                0x00110140      0x16c C:/devkitPro/libctru/lib\libctru.a(initArgv.o)
                0x00110140                __system_initArgv
 .text.__syscall_getreent
                0x001102ac       0x30 C:/devkitPro/libctru/lib\libctru.a(syscalls.o)
                0x001102ac                __syscall_getreent
 .text.__syscall_gettod_r
                0x001102dc       0x64 C:/devkitPro/libctru/lib\libctru.a(syscalls.o)
                0x001102dc                __syscall_gettod_r
 .text.__syscall_lock_acquire
                0x00110340        0x4 C:/devkitPro/libctru/lib\libctru.a(syscalls.o)
                0x00110340                __syscall_lock_acquire
 .text.__syscall_lock_release
                0x00110344        0x4 C:/devkitPro/libctru/lib\libctru.a(syscalls.o)
                0x00110344                __syscall_lock_release
 .text.__syscall_lock_acquire_recursive
                0x00110348        0x4 C:/devkitPro/libctru/lib\libctru.a(syscalls.o)
                0x00110348                __syscall_lock_acquire_recursive
 .text.__syscall_lock_release_recursive
                0x0011034c        0x4 C:/devkitPro/libctru/lib\libctru.a(syscalls.o)
                0x0011034c                __syscall_lock_release_recursive
 .text.__syscall_exit
                0x00110350        0x4 C:/devkitPro/libctru/lib\libctru.a(syscalls.o)
                0x00110350                __syscall_exit
 .text.initThreadVars
                0x00110354       0x54 C:/devkitPro/libctru/lib\libctru.a(syscalls.o)
                0x00110354                initThreadVars
 .text.__system_initSyscalls
                0x001103a8       0x80 C:/devkitPro/libctru/lib\libctru.a(syscalls.o)
                0x001103a8                __system_initSyscalls
 .text.svcControlMemory
                0x00110428       0x20 C:/devkitPro/libctru/lib\libctru.a(svc.o)
                0x00110428                svcControlMemory
 .text.svcQueryMemory
                0x00110448       0x30 C:/devkitPro/libctru/lib\libctru.a(svc.o)
                0x00110448                svcQueryMemory
 .text.svcExitProcess
                0x00110478        0x8 C:/devkitPro/libctru/lib\libctru.a(svc.o)
                0x00110478                svcExitProcess
 .text.svcCreateThread
                0x00110480       0x20 C:/devkitPro/libctru/lib\libctru.a(svc.o)
                0x00110480                svcCreateThread
 .text.svcExitThread
                0x001104a0        0x8 C:/devkitPro/libctru/lib\libctru.a(svc.o)
                0x001104a0                svcExitThread
 .text.svcSleepThread
                0x001104a8        0x8 C:/devkitPro/libctru/lib\libctru.a(svc.o)
                0x001104a8                svcSleepThread
 .text.svcReleaseMutex
                0x001104b0        0x8 C:/devkitPro/libctru/lib\libctru.a(svc.o)
                0x001104b0                svcReleaseMutex
 .text.svcCreateEvent
                0x001104b8       0x14 C:/devkitPro/libctru/lib\libctru.a(svc.o)
                0x001104b8                svcCreateEvent
 .text.svcSignalEvent
                0x001104cc        0x8 C:/devkitPro/libctru/lib\libctru.a(svc.o)
                0x001104cc                svcSignalEvent
 .text.svcClearEvent
                0x001104d4        0x8 C:/devkitPro/libctru/lib\libctru.a(svc.o)
                0x001104d4                svcClearEvent
 .text.svcMapMemoryBlock
                0x001104dc        0x8 C:/devkitPro/libctru/lib\libctru.a(svc.o)
                0x001104dc                svcMapMemoryBlock
 .text.svcUnmapMemoryBlock
                0x001104e4        0x8 C:/devkitPro/libctru/lib\libctru.a(svc.o)
                0x001104e4                svcUnmapMemoryBlock
 .text.svcCreateAddressArbiter
                0x001104ec       0x14 C:/devkitPro/libctru/lib\libctru.a(svc.o)
                0x001104ec                svcCreateAddressArbiter
 .text.svcArbitrateAddressNoTimeout
                0x00110500        0x8 C:/devkitPro/libctru/lib\libctru.a(svc.o)
                0x00110500                svcArbitrateAddressNoTimeout
 .text.svcCloseHandle
                0x00110508        0x8 C:/devkitPro/libctru/lib\libctru.a(svc.o)
                0x00110508                svcCloseHandle
 .text.svcWaitSynchronization
                0x00110510        0x8 C:/devkitPro/libctru/lib\libctru.a(svc.o)
                0x00110510                svcWaitSynchronization
 .text.svcWaitSynchronizationN
                0x00110518       0x28 C:/devkitPro/libctru/lib\libctru.a(svc.o)
                0x00110518                svcWaitSynchronizationN
 .text.svcDuplicateHandle
                0x00110540       0x14 C:/devkitPro/libctru/lib\libctru.a(svc.o)
                0x00110540                svcDuplicateHandle
 .text.svcGetSystemTick
                0x00110554        0x8 C:/devkitPro/libctru/lib\libctru.a(svc.o)
                0x00110554                svcGetSystemTick
 .text.svcConnectToPort
                0x0011055c       0x14 C:/devkitPro/libctru/lib\libctru.a(svc.o)
                0x0011055c                svcConnectToPort
 .text.svcSendSyncRequest
                0x00110570        0x8 C:/devkitPro/libctru/lib\libctru.a(svc.o)
                0x00110570                svcSendSyncRequest
 .text.svcGetResourceLimit
                0x00110578       0x14 C:/devkitPro/libctru/lib\libctru.a(svc.o)
                0x00110578                svcGetResourceLimit
 .text.svcGetResourceLimitLimitValues
                0x0011058c        0x8 C:/devkitPro/libctru/lib\libctru.a(svc.o)
                0x0011058c                svcGetResourceLimitLimitValues
 .text.svcGetResourceLimitCurrentValues
                0x00110594        0x8 C:/devkitPro/libctru/lib\libctru.a(svc.o)
                0x00110594                svcGetResourceLimitCurrentValues
 .text.svcBreak
                0x0011059c        0x8 C:/devkitPro/libctru/lib\libctru.a(svc.o)
                0x0011059c                svcBreak
 .text.__aeabi_read_tp
                0x001105a4        0xc C:/devkitPro/libctru/lib\libctru.a(readtp.o)
                0x001105a4                __aeabi_read_tp
 .text.initSystem
                0x001105b0       0x50 C:/devkitPro/libctru/lib\libctru.a(stack_adjust.o)
                0x001105b0                initSystem
 .text.__ctru_exit
                0x00110600       0x14 C:/devkitPro/libctru/lib\libctru.a(stack_adjust.o)
                0x00110600                __ctru_exit
 .text.envGetHandle
                0x00110614       0x8c C:/devkitPro/libctru/lib\libctru.a(env.o)
                0x00110614                envGetHandle
 .text.envDestroyHandles
                0x001106a0       0x50 C:/devkitPro/libctru/lib\libctru.a(env.o)
                0x001106a0                envDestroyHandles
 .text.srvInit  0x001106f0      0x164 C:/devkitPro/libctru/lib\libctru.a(srv.o)
                0x001106f0                srvInit
 .text.srvExit  0x00110854       0x64 C:/devkitPro/libctru/lib\libctru.a(srv.o)
                0x00110854                srvExit
 .text.srvEnableNotification
                0x001108b8       0x60 C:/devkitPro/libctru/lib\libctru.a(srv.o)
                0x001108b8                srvEnableNotification
 .text.srvGetServiceHandleDirect
                0x00110918       0xa0 C:/devkitPro/libctru/lib\libctru.a(srv.o)
                0x00110918                srvGetServiceHandleDirect
 .text.srvGetServiceHandle
                0x001109b8       0x48 C:/devkitPro/libctru/lib\libctru.a(srv.o)
                0x001109b8                srvGetServiceHandle
 .text.srvSubscribe
                0x00110a00       0x34 C:/devkitPro/libctru/lib\libctru.a(srv.o)
                0x00110a00                srvSubscribe
 .text.srvReceiveNotification
                0x00110a34       0x60 C:/devkitPro/libctru/lib\libctru.a(srv.o)
                0x00110a34                srvReceiveNotification
 .text.srvPublishToSubscriber
                0x00110a94       0x38 C:/devkitPro/libctru/lib\libctru.a(srv.o)
                0x00110a94                srvPublishToSubscriber
 .text.__sync_init
                0x00110acc        0xc C:/devkitPro/libctru/lib\libctru.a(synchronization.o)
                0x00110acc                __sync_init
 .text.__sync_fini
                0x00110ad8       0x18 C:/devkitPro/libctru/lib\libctru.a(synchronization.o)
                0x00110ad8                __sync_fini
 .text.syncArbitrateAddress
                0x00110af0       0x28 C:/devkitPro/libctru/lib\libctru.a(synchronization.o)
                0x00110af0                syncArbitrateAddress
 .text.LightLock_Lock
                0x00110b18       0xac C:/devkitPro/libctru/lib\libctru.a(synchronization.o)
                0x00110b18                LightLock_Lock
 .text.LightLock_Unlock
                0x00110bc4       0x40 C:/devkitPro/libctru/lib\libctru.a(synchronization.o)
                0x00110bc4                LightLock_Unlock
 .text.RecursiveLock_Lock
                0x00110c04       0x54 C:/devkitPro/libctru/lib\libctru.a(synchronization.o)
                0x00110c04                RecursiveLock_Lock
 .text.RecursiveLock_Unlock
                0x00110c58       0x54 C:/devkitPro/libctru/lib\libctru.a(synchronization.o)
                0x00110c58                RecursiveLock_Unlock
 .text.LightEvent_Init
                0x00110cac       0x44 C:/devkitPro/libctru/lib\libctru.a(synchronization.o)
                0x00110cac                LightEvent_Init
 .text.LightEvent_Clear
                0x00110cf0       0xb8 C:/devkitPro/libctru/lib\libctru.a(synchronization.o)
                0x00110cf0                LightEvent_Clear
 .text.LightEvent_Signal
                0x00110da8       0xdc C:/devkitPro/libctru/lib\libctru.a(synchronization.o)
                0x00110da8                LightEvent_Signal
 .text.LightEvent_TryWait
                0x00110e84       0x50 C:/devkitPro/libctru/lib\libctru.a(synchronization.o)
                0x00110e84                LightEvent_TryWait
 .text.LightEvent_Wait
                0x00110ed4       0xac C:/devkitPro/libctru/lib\libctru.a(synchronization.o)
                0x00110ed4                LightEvent_Wait
 .text.threadCreate
                0x00110f80      0x1fc C:/devkitPro/libctru/lib\libctru.a(thread.o)
                0x00110f80                threadCreate
 .text.threadFree
                0x0011117c       0x38 C:/devkitPro/libctru/lib\libctru.a(thread.o)
                0x0011117c                threadFree
 .text.threadJoin
                0x001111b4       0x24 C:/devkitPro/libctru/lib\libctru.a(thread.o)
                0x001111b4                threadJoin
 .text.threadGetCurrent
                0x001111d8       0x30 C:/devkitPro/libctru/lib\libctru.a(thread.o)
                0x001111d8                threadGetCurrent
 .text.threadExit
                0x00111208       0x40 C:/devkitPro/libctru/lib\libctru.a(thread.o)
                0x00111208                threadExit
 .text._thread_begin
                0x00111248       0x20 C:/devkitPro/libctru/lib\libctru.a(thread.o)
 .text.mappableFindAddressWithin
                0x00111268       0x90 C:/devkitPro/libctru/lib\libctru.a(mappable.o)
 .text.mappableInit
                0x001112f8       0x28 C:/devkitPro/libctru/lib\libctru.a(mappable.o)
                0x001112f8                mappableInit
 .text.mappableAlloc
                0x00111320       0x7c C:/devkitPro/libctru/lib\libctru.a(mappable.o)
                0x00111320                mappableAlloc
 .text.mappableFree
                0x0011139c        0x4 C:/devkitPro/libctru/lib\libctru.a(mappable.o)
                0x0011139c                mappableFree
 .text.srvPmGetSessionHandle
                0x001113a0        0xc C:/devkitPro/libctru/lib\libctru.a(srvpm.o)
                0x001113a0                srvPmGetSessionHandle
 .text.rbtree_node_next
                0x001113ac       0x60 C:/devkitPro/libctru/lib\libctru.a(rbtree_iterator.o)
                0x001113ac                rbtree_node_next
 .text.decode_utf16
                0x0011140c       0x54 C:/devkitPro/libctru/lib\libctru.a(decode_utf16.o)
                0x0011140c                decode_utf16
 .text.encode_utf16
                0x00111460       0x54 C:/devkitPro/libctru/lib\libctru.a(encode_utf16.o)
                0x00111460                encode_utf16
 .text.encode_utf8
                0x001114b4       0xe0 C:/devkitPro/libctru/lib\libctru.a(encode_utf8.o)
                0x001114b4                encode_utf8
 .text.__appExit
                0x00111594       0x30 C:/devkitPro/libctru/lib\libctru.a(appExit.o)
                0x00111594                __appExit
 .text.__appInit
                0x001115c4       0x30 C:/devkitPro/libctru/lib\libctru.a(appInit.o)
                0x001115c4                __appInit
 .text.__libctru_exit
                0x001115f4       0x90 C:/devkitPro/libctru/lib\libctru.a(ctru_exit.o)
                0x001115f4                __libctru_exit
 .text.archive_link
                0x00111684       0x14 C:/devkitPro/libctru/lib\libctru.a(archive_dev.o)
 .text.archive_dirreset
                0x00111698       0x14 C:/devkitPro/libctru/lib\libctru.a(archive_dev.o)
 .text.archive_chmod
                0x001116ac       0x14 C:/devkitPro/libctru/lib\libctru.a(archive_dev.o)
 .text.error_cmp
                0x001116c0       0x24 C:/devkitPro/libctru/lib\libctru.a(archive_dev.o)
 .text.archive_translate_error
                0x001116e4       0x50 C:/devkitPro/libctru/lib\libctru.a(archive_dev.o)
 .text.archive_seek
                0x00111734       0xc0 C:/devkitPro/libctru/lib\libctru.a(archive_dev.o)
 .text._archiveInit.part.0
                0x001117f4       0x78 C:/devkitPro/libctru/lib\libctru.a(archive_dev.o)
 .text.archiveFindDevice.part.0
                0x0011186c       0xd4 C:/devkitPro/libctru/lib\libctru.a(archive_dev.o)
 .text.archive_utf16path
                0x00111940      0x298 C:/devkitPro/libctru/lib\libctru.a(archive_dev.o)
 .text._archiveUnmountDeviceStruct.part.0
                0x00111bd8       0x98 C:/devkitPro/libctru/lib\libctru.a(archive_dev.o)
 .text.archive_statvfs
                0x00111c70       0x14 C:/devkitPro/libctru/lib\libctru.a(archive_dev.o)
 .text.archive_fchmod
                0x00111c84       0x14 C:/devkitPro/libctru/lib\libctru.a(archive_dev.o)
 .text._archiveMountDevice
                0x00111c98      0x178 C:/devkitPro/libctru/lib\libctru.a(archive_dev.o)
 .text.archive_diropen
                0x00111e10       0xf8 C:/devkitPro/libctru/lib\libctru.a(archive_dev.o)
 .text.archive_fstat
                0x00111f08       0xac C:/devkitPro/libctru/lib\libctru.a(archive_dev.o)
 .text.archive_fsync
                0x00111fb4       0x74 C:/devkitPro/libctru/lib\libctru.a(archive_dev.o)
 .text.archive_close
                0x00112028       0x74 C:/devkitPro/libctru/lib\libctru.a(archive_dev.o)
 .text.archive_dirclose
                0x0011209c       0x78 C:/devkitPro/libctru/lib\libctru.a(archive_dev.o)
 .text.sdmc_statvfs
                0x00112114       0xec C:/devkitPro/libctru/lib\libctru.a(archive_dev.o)
 .text.archive_chdir
                0x00112200       0xf8 C:/devkitPro/libctru/lib\libctru.a(archive_dev.o)
 .text.archive_ftruncate
                0x001122f8       0x8c C:/devkitPro/libctru/lib\libctru.a(archive_dev.o)
 .text.archive_read
                0x00112384       0xbc C:/devkitPro/libctru/lib\libctru.a(archive_dev.o)
 .text.archive_unlink
                0x00112440       0xa8 C:/devkitPro/libctru/lib\libctru.a(archive_dev.o)
 .text.archive_rmdir
                0x001124e8       0xc0 C:/devkitPro/libctru/lib\libctru.a(archive_dev.o)
 .text.archive_mkdir
                0x001125a8       0xd8 C:/devkitPro/libctru/lib\libctru.a(archive_dev.o)
 .text.archive_stat
                0x00112680      0x1a0 C:/devkitPro/libctru/lib\libctru.a(archive_dev.o)
 .text.archive_dirnext
                0x00112820      0x164 C:/devkitPro/libctru/lib\libctru.a(archive_dev.o)
 .text.archive_write
                0x00112984      0x13c C:/devkitPro/libctru/lib\libctru.a(archive_dev.o)
 .text.archive_open
                0x00112ac0      0x254 C:/devkitPro/libctru/lib\libctru.a(archive_dev.o)
 .text.archive_rename
                0x00112d14      0x270 C:/devkitPro/libctru/lib\libctru.a(archive_dev.o)
 .text.archiveMountSdmc
                0x00112f84      0x1c8 C:/devkitPro/libctru/lib\libctru.a(archive_dev.o)
                0x00112f84                archiveMountSdmc
 .text.archiveUnmountAll
                0x0011314c       0x54 C:/devkitPro/libctru/lib\libctru.a(archive_dev.o)
                0x0011314c                archiveUnmountAll
 .text.ceilf    0x001131a0       0xc0 C:/devkitPro/devkitARM/bin/../lib/gcc/arm-none-eabi/15.1.0/../../../../arm-none-eabi/lib/armv6k/fpu\libm.a(libm_a-sf_ceil.o)
                0x001131a0                ceilf
 .text.__udivmoddi4
                0x00113260      0x130 C:/devkitPro/devkitARM/bin/../lib/gcc/arm-none-eabi/15.1.0/armv6k/fpu\libgcc.a(_udivmoddi4.o)
                0x00113260                __udivmoddi4
 .text.strncmp  0x00113390       0xd8 C:/devkitPro/devkitARM/bin/../lib/gcc/arm-none-eabi/15.1.0/../../../../arm-none-eabi/lib/armv6k/fpu\libg.a(libc_a-strncmp.o)
                0x00113390                strncmp
 .text.strchr   0x00113468      0x140 C:/devkitPro/devkitARM/bin/../lib/gcc/arm-none-eabi/15.1.0/../../../../arm-none-eabi/lib/armv6k/fpu\libg.a(libc_a-strchr.o)
                0x00113468                strchr
 .text._fclose_r
                0x001135a8      0x144 C:/devkitPro/devkitARM/bin/../lib/gcc/arm-none-eabi/15.1.0/../../../../arm-none-eabi/lib/armv6k/fpu\libg.a(libc_a-fclose.o)
                0x001135a8                _fclose_r
 .text.fclose   0x001136ec       0x20 C:/devkitPro/devkitARM/bin/../lib/gcc/arm-none-eabi/15.1.0/../../../../arm-none-eabi/lib/armv6k/fpu\libg.a(libc_a-fclose.o)
                0x001136ec                fclose
 .text.strlen   0x0011370c       0x8c C:/devkitPro/devkitARM/bin/../lib/gcc/arm-none-eabi/15.1.0/../../../../arm-none-eabi/lib/armv6k/fpu\libg.a(libc_a-strlen.o)
                0x0011370c                strlen
 .text.strcat   0x00113798       0x70 C:/devkitPro/devkitARM/bin/../lib/gcc/arm-none-eabi/15.1.0/../../../../arm-none-eabi/lib/armv6k/fpu\libg.a(libc_a-strcat.o)
                0x00113798                strcat
 .text.memcmp   0x00113808       0xd8 C:/devkitPro/devkitARM/bin/../lib/gcc/arm-none-eabi/15.1.0/../../../../arm-none-eabi/lib/armv6k/fpu\libg.a(libc_a-memcmp.o)
                0x00113808                memcmp
 .text.stdio_exit_handler
                0x001138e0       0x1c C:/devkitPro/devkitARM/bin/../lib/gcc/arm-none-eabi/15.1.0/../../../../arm-none-eabi/lib/armv6k/fpu\libg.a(libc_a-findfp.o)
 .text.cleanup_stdio
                0x001138fc       0x5c C:/devkitPro/devkitARM/bin/../lib/gcc/arm-none-eabi/15.1.0/../../../../arm-none-eabi/lib/armv6k/fpu\libg.a(libc_a-findfp.o)
 .text.global_stdio_init.part.0
                0x00113958      0x154 C:/devkitPro/devkitARM/bin/../lib/gcc/arm-none-eabi/15.1.0/../../../../arm-none-eabi/lib/armv6k/fpu\libg.a(libc_a-findfp.o)
 .text.__sfp    0x00113aac      0x138 C:/devkitPro/devkitARM/bin/../lib/gcc/arm-none-eabi/15.1.0/../../../../arm-none-eabi/lib/armv6k/fpu\libg.a(libc_a-findfp.o)
                0x00113aac                __sfp
 .text.__sinit  0x00113be4       0x5c C:/devkitPro/devkitARM/bin/../lib/gcc/arm-none-eabi/15.1.0/../../../../arm-none-eabi/lib/armv6k/fpu\libg.a(libc_a-findfp.o)
                0x00113be4                __sinit
 .text.__sfp_lock_acquire
                0x00113c40        0xc C:/devkitPro/devkitARM/bin/../lib/gcc/arm-none-eabi/15.1.0/../../../../arm-none-eabi/lib/armv6k/fpu\libg.a(libc_a-findfp.o)
                0x00113c40                __sfp_lock_acquire
 .text.__sfp_lock_release
                0x00113c4c        0xc C:/devkitPro/devkitARM/bin/../lib/gcc/arm-none-eabi/15.1.0/../../../../arm-none-eabi/lib/armv6k/fpu\libg.a(libc_a-findfp.o)
                0x00113c4c                __sfp_lock_release
 .text._strtoul_l.isra.0
                0x00113c58      0x1ec C:/devkitPro/devkitARM/bin/../lib/gcc/arm-none-eabi/15.1.0/../../../../arm-none-eabi/lib/armv6k/fpu\libg.a(libc_a-strtoul.o)
 .text.strtoul  0x00113e44       0x3c C:/devkitPro/devkitARM/bin/../lib/gcc/arm-none-eabi/15.1.0/../../../../arm-none-eabi/lib/armv6k/fpu\libg.a(libc_a-strtoul.o)
                0x00113e44                strtoul
 .text.__libc_init_array
                0x00113e80       0x84 C:/devkitPro/devkitARM/bin/../lib/gcc/arm-none-eabi/15.1.0/../../../../arm-none-eabi/lib/armv6k/fpu\libg.a(libc_a-init.o)
                0x00113e80                __libc_init_array
 .text.strncat  0x00113f04       0x9c C:/devkitPro/devkitARM/bin/../lib/gcc/arm-none-eabi/15.1.0/../../../../arm-none-eabi/lib/armv6k/fpu\libg.a(libc_a-strncat.o)
                0x00113f04                strncat
 .text._fwalk_sglue
                0x00113fa0       0x70 C:/devkitPro/devkitARM/bin/../lib/gcc/arm-none-eabi/15.1.0/../../../../arm-none-eabi/lib/armv6k/fpu\libg.a(libc_a-fwalk.o)
                0x00113fa0                _fwalk_sglue
 .text.bsearch  0x00114010       0x78 C:/devkitPro/devkitARM/bin/../lib/gcc/arm-none-eabi/15.1.0/../../../../arm-none-eabi/lib/armv6k/fpu\libg.a(libc_a-bsearch.o)
                0x00114010                bsearch
 .text.__errno  0x00114088        0xc C:/devkitPro/devkitARM/bin/../lib/gcc/arm-none-eabi/15.1.0/../../../../arm-none-eabi/lib/armv6k/fpu\libg.a(libc_a-errno.o)
                0x00114088                __errno
 .text.calloc   0x00114094       0x28 C:/devkitPro/devkitARM/bin/../lib/gcc/arm-none-eabi/15.1.0/../../../../arm-none-eabi/lib/armv6k/fpu\libg.a(libc_a-calloc.o)
                0x00114094                calloc
 .text.wcsncpy  0x001140bc       0x58 C:/devkitPro/devkitARM/bin/../lib/gcc/arm-none-eabi/15.1.0/../../../../arm-none-eabi/lib/armv6k/fpu\libg.a(libc_a-wcsncpy.o)
                0x001140bc                wcsncpy
 .text.qsort    0x00114114      0x8e8 C:/devkitPro/devkitARM/bin/../lib/gcc/arm-none-eabi/15.1.0/../../../../arm-none-eabi/lib/armv6k/fpu\libg.a(libc_a-qsort.o)
                0x00114114                qsort
 .text._calloc_r
                0x001149fc       0xd8 C:/devkitPro/devkitARM/bin/../lib/gcc/arm-none-eabi/15.1.0/../../../../arm-none-eabi/lib/armv6k/fpu\libg.a(libc_a-callocr.o)
                0x001149fc                _calloc_r
 .text._fseek_r
                0x00114ad4       0x1c C:/devkitPro/devkitARM/bin/../lib/gcc/arm-none-eabi/15.1.0/../../../../arm-none-eabi/lib/armv6k/fpu\libg.a(libc_a-fseek.o)
                0x00114ad4                _fseek_r
 .text.fseek    0x00114af0       0x34 C:/devkitPro/devkitARM/bin/../lib/gcc/arm-none-eabi/15.1.0/../../../../arm-none-eabi/lib/armv6k/fpu\libg.a(libc_a-fseek.o)
                0x00114af0                fseek
 .text.memalign
                0x00114b24       0x28 C:/devkitPro/devkitARM/bin/../lib/gcc/arm-none-eabi/15.1.0/../../../../arm-none-eabi/lib/armv6k/fpu\libg.a(libc_a-malign.o)
                0x00114b24                memalign
 .text._malloc_r
                0x00114b4c      0x82c C:/devkitPro/devkitARM/bin/../lib/gcc/arm-none-eabi/15.1.0/../../../../arm-none-eabi/lib/armv6k/fpu\libg.a(libc_a-mallocr.o)
                0x00114b4c                _malloc_r
 .text.strcpy   0x00115378       0xf0 C:/devkitPro/devkitARM/bin/../lib/gcc/arm-none-eabi/15.1.0/../../../../arm-none-eabi/lib/armv6k/fpu\libg.a(libc_a-strcpy.o)
                0x00115378                strcpy
 .text._malloc_trim_r
                0x00115468      0x114 C:/devkitPro/devkitARM/bin/../lib/gcc/arm-none-eabi/15.1.0/../../../../arm-none-eabi/lib/armv6k/fpu\libg.a(libc_a-freer.o)
                0x00115468                _malloc_trim_r
 .text._free_r  0x0011557c      0x314 C:/devkitPro/devkitARM/bin/../lib/gcc/arm-none-eabi/15.1.0/../../../../arm-none-eabi/lib/armv6k/fpu\libg.a(libc_a-freer.o)
                0x0011557c                _free_r
 .text.rewind   0x00115890       0x2c C:/devkitPro/devkitARM/bin/../lib/gcc/arm-none-eabi/15.1.0/../../../../arm-none-eabi/lib/armv6k/fpu\libg.a(libc_a-rewind.o)
                0x00115890                rewind
 .text.strnlen  0x001158bc       0x3c C:/devkitPro/devkitARM/bin/../lib/gcc/arm-none-eabi/15.1.0/../../../../arm-none-eabi/lib/armv6k/fpu\libg.a(libc_a-strnlen.o)
                0x001158bc                strnlen
 .text.stpcpy   0x001158f8       0x70 C:/devkitPro/devkitARM/bin/../lib/gcc/arm-none-eabi/15.1.0/../../../../arm-none-eabi/lib/armv6k/fpu\libg.a(libc_a-stpcpy.o)
                0x001158f8                stpcpy
 .text.malloc   0x00115968       0x40 C:/devkitPro/devkitARM/bin/../lib/gcc/arm-none-eabi/15.1.0/../../../../arm-none-eabi/lib/armv6k/fpu\libg.a(libc_a-malloc.o)
                0x00115968                malloc
 .text.free     0x001159a8       0x20 C:/devkitPro/devkitARM/bin/../lib/gcc/arm-none-eabi/15.1.0/../../../../arm-none-eabi/lib/armv6k/fpu\libg.a(libc_a-malloc.o)
                0x001159a8                free
 .text.__sflush_r
                0x001159c8      0x22c C:/devkitPro/devkitARM/bin/../lib/gcc/arm-none-eabi/15.1.0/../../../../arm-none-eabi/lib/armv6k/fpu\libg.a(libc_a-fflush.o)
                0x001159c8                __sflush_r
 .text._fflush_r
                0x00115bf4       0xc4 C:/devkitPro/devkitARM/bin/../lib/gcc/arm-none-eabi/15.1.0/../../../../arm-none-eabi/lib/armv6k/fpu\libg.a(libc_a-fflush.o)
                0x00115bf4                _fflush_r
 .text.time     0x00115cb8       0x48 C:/devkitPro/devkitARM/bin/../lib/gcc/arm-none-eabi/15.1.0/../../../../arm-none-eabi/lib/armv6k/fpu\libg.a(libc_a-time.o)
                0x00115cb8                time
 .text.memset   0x00115d00       0xe4 C:/devkitPro/devkitARM/bin/../lib/gcc/arm-none-eabi/15.1.0/../../../../arm-none-eabi/lib/armv6k/fpu\libg.a(libc_a-memset.o)
                0x00115d00                memset
 .text._fread_r
                0x00115de4      0x334 C:/devkitPro/devkitARM/bin/../lib/gcc/arm-none-eabi/15.1.0/../../../../arm-none-eabi/lib/armv6k/fpu\libg.a(libc_a-fread.o)
                0x00115de4                _fread_r
 .text.fread    0x00116118       0x38 C:/devkitPro/devkitARM/bin/../lib/gcc/arm-none-eabi/15.1.0/../../../../arm-none-eabi/lib/armv6k/fpu\libg.a(libc_a-fread.o)
                0x00116118                fread
 .text.__malloc_lock
                0x00116150        0xc C:/devkitPro/devkitARM/bin/../lib/gcc/arm-none-eabi/15.1.0/../../../../arm-none-eabi/lib/armv6k/fpu\libg.a(libc_a-mlock.o)
                0x00116150                __malloc_lock
 .text.__malloc_unlock
                0x0011615c        0xc C:/devkitPro/devkitARM/bin/../lib/gcc/arm-none-eabi/15.1.0/../../../../arm-none-eabi/lib/armv6k/fpu\libg.a(libc_a-mlock.o)
                0x0011615c                __malloc_unlock
 .text.__call_exitprocs
                0x00116168        0x4 C:/devkitPro/devkitARM/bin/../lib/gcc/arm-none-eabi/15.1.0/../../../../arm-none-eabi/lib/armv6k/fpu\libg.a(libc_a-exit.o)
                0x00116168                __call_exitprocs
 .text.exit     0x0011616c       0x30 C:/devkitPro/devkitARM/bin/../lib/gcc/arm-none-eabi/15.1.0/../../../../arm-none-eabi/lib/armv6k/fpu\libg.a(libc_a-exit.o)
                0x0011616c                exit
 .text._fopen_r
                0x0011619c      0x134 C:/devkitPro/devkitARM/bin/../lib/gcc/arm-none-eabi/15.1.0/../../../../arm-none-eabi/lib/armv6k/fpu\libg.a(libc_a-fopen.o)
                0x0011619c                _fopen_r
 .text.fopen    0x001162d0       0x28 C:/devkitPro/devkitARM/bin/../lib/gcc/arm-none-eabi/15.1.0/../../../../arm-none-eabi/lib/armv6k/fpu\libg.a(libc_a-fopen.o)
                0x001162d0                fopen
 .text.wcslen   0x001162f8       0x2c C:/devkitPro/devkitARM/bin/../lib/gcc/arm-none-eabi/15.1.0/../../../../arm-none-eabi/lib/armv6k/fpu\libg.a(libc_a-wcslen.o)
                0x001162f8                wcslen
 .text.strncpy  0x00116324       0xd4 C:/devkitPro/devkitARM/bin/../lib/gcc/arm-none-eabi/15.1.0/../../../../arm-none-eabi/lib/armv6k/fpu\libg.a(libc_a-strncpy.o)
                0x00116324                strncpy
 .text.ftell    0x001163f8       0x34 C:/devkitPro/devkitARM/bin/../lib/gcc/arm-none-eabi/15.1.0/../../../../arm-none-eabi/lib/armv6k/fpu\libg.a(libc_a-ftell.o)
                0x001163f8                ftell
 .text.memcpy   0x0011642c      0x12c C:/devkitPro/devkitARM/bin/../lib/gcc/arm-none-eabi/15.1.0/../../../../arm-none-eabi/lib/armv6k/fpu\libg.a(libc_a-memcpy-stub.o)
                0x0011642c                memcpy
 .text.__sread  0x00116558       0x44 C:/devkitPro/devkitARM/bin/../lib/gcc/arm-none-eabi/15.1.0/../../../../arm-none-eabi/lib/armv6k/fpu\libg.a(libc_a-stdio.o)
                0x00116558                __sread
 .text.__swrite
                0x0011659c       0x68 C:/devkitPro/devkitARM/bin/../lib/gcc/arm-none-eabi/15.1.0/../../../../arm-none-eabi/lib/armv6k/fpu\libg.a(libc_a-stdio.o)
                0x0011659c                __swrite
 .text.__sseek  0x00116604       0x40 C:/devkitPro/devkitARM/bin/../lib/gcc/arm-none-eabi/15.1.0/../../../../arm-none-eabi/lib/armv6k/fpu\libg.a(libc_a-stdio.o)
                0x00116604                __sseek
 .text.__sclose
                0x00116644        0x8 C:/devkitPro/devkitARM/bin/../lib/gcc/arm-none-eabi/15.1.0/../../../../arm-none-eabi/lib/armv6k/fpu\libg.a(libc_a-stdio.o)
                0x00116644                __sclose
 .text._memalign_r
                0x0011664c      0x16c C:/devkitPro/devkitARM/bin/../lib/gcc/arm-none-eabi/15.1.0/../../../../arm-none-eabi/lib/armv6k/fpu\libg.a(libc_a-malignr.o)
                0x0011664c                _memalign_r
 .text._fseeko_r
                0x001167b8      0x588 C:/devkitPro/devkitARM/bin/../lib/gcc/arm-none-eabi/15.1.0/../../../../arm-none-eabi/lib/armv6k/fpu\libg.a(libc_a-fseeko.o)
                0x001167b8                _fseeko_r
 .text.__sflags
                0x00116d40       0xb8 C:/devkitPro/devkitARM/bin/../lib/gcc/arm-none-eabi/15.1.0/../../../../arm-none-eabi/lib/armv6k/fpu\libg.a(libc_a-flags.o)
                0x00116d40                __sflags
 .text.__libc_fini_array
                0x00116df8       0x3c C:/devkitPro/devkitARM/bin/../lib/gcc/arm-none-eabi/15.1.0/../../../../arm-none-eabi/lib/armv6k/fpu\libg.a(libc_a-fini.o)
                0x00116df8                __libc_fini_array
 .text.lflush   0x00116e34       0x38 C:/devkitPro/devkitARM/bin/../lib/gcc/arm-none-eabi/15.1.0/../../../../arm-none-eabi/lib/armv6k/fpu\libg.a(libc_a-refill.o)
 .text.__srefill_r
                0x00116e6c      0x1a8 C:/devkitPro/devkitARM/bin/../lib/gcc/arm-none-eabi/15.1.0/../../../../arm-none-eabi/lib/armv6k/fpu\libg.a(libc_a-refill.o)
                0x00116e6c                __srefill_r
 .text.__smakebuf_r
                0x00117014      0x164 C:/devkitPro/devkitARM/bin/../lib/gcc/arm-none-eabi/15.1.0/../../../../arm-none-eabi/lib/armv6k/fpu\libg.a(libc_a-makebuf.o)
                0x00117014                __smakebuf_r
 .text._ftello_r
                0x00117178      0x1c4 C:/devkitPro/devkitARM/bin/../lib/gcc/arm-none-eabi/15.1.0/../../../../arm-none-eabi/lib/armv6k/fpu\libg.a(libc_a-ftello.o)
                0x00117178                _ftello_r
 .text._exit    0x0011733c       0x20 C:/devkitPro/devkitARM/bin/../lib/gcc/arm-none-eabi/15.1.0/../../../../arm-none-eabi/lib/armv6k/fpu\libsysbase.a(libsysbase_libsysbase_a-_exit.o)
                0x0011733c                _exit
 .text.chdir    0x0011735c      0x140 C:/devkitPro/devkitARM/bin/../lib/gcc/arm-none-eabi/15.1.0/../../../../arm-none-eabi/lib/armv6k/fpu\libsysbase.a(libsysbase_libsysbase_a-chdir.o)
                0x0011735c                chdir
 .text._concatenate_path
                0x0011749c      0x1c8 C:/devkitPro/devkitARM/bin/../lib/gcc/arm-none-eabi/15.1.0/../../../../arm-none-eabi/lib/armv6k/fpu\libsysbase.a(libsysbase_libsysbase_a-concatenate.o)
                0x0011749c                _concatenate_path
 .text._fstat_r
                0x00117664       0x9c C:/devkitPro/devkitARM/bin/../lib/gcc/arm-none-eabi/15.1.0/../../../../arm-none-eabi/lib/armv6k/fpu\libsysbase.a(libsysbase_libsysbase_a-fstat.o)
                0x00117664                _fstat_r
 .text.__getreent
                0x00117700       0x2c C:/devkitPro/devkitARM/bin/../lib/gcc/arm-none-eabi/15.1.0/../../../../arm-none-eabi/lib/armv6k/fpu\libsysbase.a(libsysbase_libsysbase_a-getreent.o)
                0x00117700                __getreent
 .text._gettimeofday_r
                0x0011772c       0x30 C:/devkitPro/devkitARM/bin/../lib/gcc/arm-none-eabi/15.1.0/../../../../arm-none-eabi/lib/armv6k/fpu\libsysbase.a(libsysbase_libsysbase_a-gettod.o)
                0x0011772c                _gettimeofday_r
 .text.__release_handle
                0x0011775c       0xa0 C:/devkitPro/devkitARM/bin/../lib/gcc/arm-none-eabi/15.1.0/../../../../arm-none-eabi/lib/armv6k/fpu\libsysbase.a(libsysbase_libsysbase_a-handle_manager.o)
                0x0011775c                __release_handle
 .text.__alloc_handle
                0x001177fc       0xb0 C:/devkitPro/devkitARM/bin/../lib/gcc/arm-none-eabi/15.1.0/../../../../arm-none-eabi/lib/armv6k/fpu\libsysbase.a(libsysbase_libsysbase_a-handle_manager.o)
                0x001177fc                __alloc_handle
 .text.__get_handle
                0x001178ac       0x58 C:/devkitPro/devkitARM/bin/../lib/gcc/arm-none-eabi/15.1.0/../../../../arm-none-eabi/lib/armv6k/fpu\libsysbase.a(libsysbase_libsysbase_a-handle_manager.o)
                0x001178ac                __get_handle
 .text._close_r
                0x00117904      0x110 C:/devkitPro/devkitARM/bin/../lib/gcc/arm-none-eabi/15.1.0/../../../../arm-none-eabi/lib/armv6k/fpu\libsysbase.a(libsysbase_libsysbase_a-handle_manager.o)
                0x00117904                _close_r
 .text.null_write
                0x00117a14        0x8 C:/devkitPro/devkitARM/bin/../lib/gcc/arm-none-eabi/15.1.0/../../../../arm-none-eabi/lib/armv6k/fpu\libsysbase.a(libsysbase_libsysbase_a-iosupport.o)
 .text.setDefaultDevice
                0x00117a1c       0x18 C:/devkitPro/devkitARM/bin/../lib/gcc/arm-none-eabi/15.1.0/../../../../arm-none-eabi/lib/armv6k/fpu\libsysbase.a(libsysbase_libsysbase_a-iosupport.o)
                0x00117a1c                setDefaultDevice
 .text.FindDevice
                0x00117a34       0xc4 C:/devkitPro/devkitARM/bin/../lib/gcc/arm-none-eabi/15.1.0/../../../../arm-none-eabi/lib/armv6k/fpu\libsysbase.a(libsysbase_libsysbase_a-iosupport.o)
                0x00117a34                FindDevice
 .text.RemoveDevice
                0x00117af8       0x28 C:/devkitPro/devkitARM/bin/../lib/gcc/arm-none-eabi/15.1.0/../../../../arm-none-eabi/lib/armv6k/fpu\libsysbase.a(libsysbase_libsysbase_a-iosupport.o)
                0x00117af8                RemoveDevice
 .text.AddDevice
                0x00117b20       0x98 C:/devkitPro/devkitARM/bin/../lib/gcc/arm-none-eabi/15.1.0/../../../../arm-none-eabi/lib/armv6k/fpu\libsysbase.a(libsysbase_libsysbase_a-iosupport.o)
                0x00117b20                AddDevice
 .text.GetDeviceOpTab
                0x00117bb8       0x20 C:/devkitPro/devkitARM/bin/../lib/gcc/arm-none-eabi/15.1.0/../../../../arm-none-eabi/lib/armv6k/fpu\libsysbase.a(libsysbase_libsysbase_a-iosupport.o)
                0x00117bb8                GetDeviceOpTab
 .text._isatty_r
                0x00117bd8        0x8 C:/devkitPro/devkitARM/bin/../lib/gcc/arm-none-eabi/15.1.0/../../../../arm-none-eabi/lib/armv6k/fpu\libsysbase.a(libsysbase_libsysbase_a-isatty.o)
                0x00117bd8                _isatty_r
 .text._lseek_r
                0x00117be0       0x94 C:/devkitPro/devkitARM/bin/../lib/gcc/arm-none-eabi/15.1.0/../../../../arm-none-eabi/lib/armv6k/fpu\libsysbase.a(libsysbase_libsysbase_a-lseek.o)
                0x00117be0                _lseek_r
 .text._open_r  0x00117c74       0xc0 C:/devkitPro/devkitARM/bin/../lib/gcc/arm-none-eabi/15.1.0/../../../../arm-none-eabi/lib/armv6k/fpu\libsysbase.a(libsysbase_libsysbase_a-open.o)
                0x00117c74                _open_r
 .text._read_r  0x00117d34       0x94 C:/devkitPro/devkitARM/bin/../lib/gcc/arm-none-eabi/15.1.0/../../../../arm-none-eabi/lib/armv6k/fpu\libsysbase.a(libsysbase_libsysbase_a-read.o)
                0x00117d34                _read_r
 .text._sbrk_r  0x00117dc8       0x78 C:/devkitPro/devkitARM/bin/../lib/gcc/arm-none-eabi/15.1.0/../../../../arm-none-eabi/lib/armv6k/fpu\libsysbase.a(libsysbase_libsysbase_a-sbrk.o)
                0x00117dc8                _sbrk_r
 .text.__libc_lock_acquire
                0x00117e40       0x1c C:/devkitPro/devkitARM/bin/../lib/gcc/arm-none-eabi/15.1.0/../../../../arm-none-eabi/lib/armv6k/fpu\libsysbase.a(libsysbase_libsysbase_a-syscall_support.o)
                0x00117e40                __libc_lock_acquire
 .text.__libc_lock_release
                0x00117e5c       0x1c C:/devkitPro/devkitARM/bin/../lib/gcc/arm-none-eabi/15.1.0/../../../../arm-none-eabi/lib/armv6k/fpu\libsysbase.a(libsysbase_libsysbase_a-syscall_support.o)
                0x00117e5c                __libc_lock_release
 .text.__libc_lock_acquire_recursive
                0x00117e78       0x1c C:/devkitPro/devkitARM/bin/../lib/gcc/arm-none-eabi/15.1.0/../../../../arm-none-eabi/lib/armv6k/fpu\libsysbase.a(libsysbase_libsysbase_a-syscall_support.o)
                0x00117e78                __libc_lock_acquire_recursive
 .text.__libc_lock_release_recursive
                0x00117e94       0x1c C:/devkitPro/devkitARM/bin/../lib/gcc/arm-none-eabi/15.1.0/../../../../arm-none-eabi/lib/armv6k/fpu\libsysbase.a(libsysbase_libsysbase_a-syscall_support.o)
                0x00117e94                __libc_lock_release_recursive
 .text._write_r
                0x00117eb0       0x94 C:/devkitPro/devkitARM/bin/../lib/gcc/arm-none-eabi/15.1.0/../../../../arm-none-eabi/lib/armv6k/fpu\libsysbase.a(libsysbase_libsysbase_a-write.o)
                0x00117eb0                _write_r
 .text.strrchr  0x00117f44       0x48 C:/devkitPro/devkitARM/bin/../lib/gcc/arm-none-eabi/15.1.0/../../../../arm-none-eabi/lib/armv6k/fpu\libg.a(libc_a-strrchr.o)
                0x00117f44                strrchr
 *(.glue_7)
 .glue_7        0x00117f8c        0x0 linker stubs
 *(.glue_7t)
 .glue_7t       0x00117f8c        0x0 linker stubs
 *(.stub)
 *(.gnu.warning)
 *(.gnu.linkonce.t*)
                0x00117f8c                        . = ALIGN (0x4)
 *(.fini)
 .fini          0x00117f8c        0xc C:/devkitPro/devkitARM/bin/../lib/gcc/arm-none-eabi/15.1.0/armv6k/fpu/crti.o
                0x00117f8c                _fini
 .fini          0x00117f98        0xc C:/devkitPro/devkitARM/bin/../lib/gcc/arm-none-eabi/15.1.0/armv6k/fpu/crtn.o
                0x00117fa4                        . = ALIGN (0x4)

.vfp11_veneer   0x00117fa4        0x0
 .vfp11_veneer  0x00117fa4        0x0 linker stubs

.v4_bx          0x00117fa4        0x0
 .v4_bx         0x00117fa4        0x0 linker stubs

.iplt           0x00117fa4        0x0
 .iplt          0x00117fa4        0x0 C:/devkitPro/devkitARM/bin/../lib/gcc/arm-none-eabi/15.1.0/../../../../arm-none-eabi/lib/armv6k/fpu/3dsx_crt0.o
                0x00118000                        . = ALIGN (0x1000)

.rodata         0x00118000      0xca8
 *(.rodata)
 .rodata        0x00118000      0x2a0 main.o
                0x00118000                morseKana
                0x00118178                morseAlpha
 .rodata        0x001182a0        0xc C:/devkitPro/libctru/lib\libctru.a(archive_dev.o)
 *(.roda)
 *(.rodata.*)
 .rodata.str1.4
                0x001182ac      0x2ac main.o
                                0x192 (size before relaxing)
 .rodata.str4.4
                0x00118558      0x290 main.o
 .rodata.C2D_Init.str1.4
                0x001187e8       0x10 C:/devkitPro/libctru/lib\libcitro2d.a(base.o)
 .rodata.C2D_FontLoad.str1.4
                0x001187e8        0x3 C:/devkitPro/libctru/lib\libcitro2d.a(font.o)
 .rodata.C2D_FontLoadSystem.str1.4
                0x001187e8        0x5 C:/devkitPro/libctru/lib\libcitro2d.a(font.o)
 .rodata.str1.4
                0x001187e8       0x76 C:/devkitPro/libctru/lib\libcitro2d.a(font.o)
 .rodata.C2Di_FontPaths
                0x001187e8       0x10 C:/devkitPro/libctru/lib\libcitro2d.a(font.o)
 .rodata.render2d_shbin
                0x001187f8      0x190 C:/devkitPro/libctru/lib\libcitro2d.a(render2d.shbin.o)
                0x001187f8                render2d_shbin
                0x00118984                render2d_shbin_end
                0x00118984                render2d_shbin_size
 .rodata.depthFmtSizes
                0x00118988        0x4 C:/devkitPro/libctru/lib\libcitro3d.a(framebuffer.o)
 .rodata.colorFmtSizes
                0x0011898c        0x5 C:/devkitPro/libctru/lib\libcitro3d.a(framebuffer.o)
 *fill*         0x00118991        0x3 
 .rodata.CSWTCH.11
                0x00118994       0x10 C:/devkitPro/libctru/lib\libcitro3d.a(proctex.o)
 .rodata.romfs_dirnext.str1.4
                0x001189a4        0x7 C:/devkitPro/libctru/lib\libctru.a(romfs_dev.o)
 .rodata.romFS_devoptab
                0x001189a4       0x80 C:/devkitPro/libctru/lib\libctru.a(romfs_dev.o)
 .rodata.DVLE_GenerateOutmap.part.0
                0x00118a24        0x9 C:/devkitPro/libctru/lib\libctru.a(shbin.o)
 .rodata.aptEventHandler
                0x00118a2d        0xb C:/devkitPro/libctru/lib\libctru.a(apt.o)
 .rodata.aptWaitForWakeUp.isra.0
                0x00118a38       0x11 C:/devkitPro/libctru/lib\libctru.a(apt.o)
 *fill*         0x00118a49        0x3 
 .rodata.morton_y.2
                0x00118a4c        0x8 C:/devkitPro/libctru/lib\libctru.a(apt.o)
 .rodata.morton_x.3
                0x00118a54        0x8 C:/devkitPro/libctru/lib\libctru.a(apt.o)
 .rodata.s_sleepWakeEvents.4
                0x00118a5c        0x8 C:/devkitPro/libctru/lib\libctru.a(apt.o)
 .rodata.str1.4
                0x00118a64       0x16 C:/devkitPro/libctru/lib\libctru.a(apt.o)
 .rodata.serviceNameTable.5
                0x00118a64        0xc C:/devkitPro/libctru/lib\libctru.a(apt.o)
 .rodata.fsInit.str1.4
                0x00118a70        0x8 C:/devkitPro/libctru/lib\libctru.a(fs.o)
 .rodata.gspInit.str1.4
                0x00118a70        0x9 C:/devkitPro/libctru/lib\libctru.a(gspgpu.o)
 .rodata.hidInit.str1.4
                0x00118a70       0x15 C:/devkitPro/libctru/lib\libctru.a(hid.o)
 .rodata.irrstInit.str1.4
                0x00118a70        0x7 C:/devkitPro/libctru/lib\libctru.a(irrst.o)
 .rodata.ptmSysmInit.str1.4
                0x00118a70        0x9 C:/devkitPro/libctru/lib\libctru.a(ptmsysm.o)
 .rodata.__system_initArgv.str1.4
                0x00118a70        0xa C:/devkitPro/libctru/lib\libctru.a(initArgv.o)
 .rodata.srvInit.str1.4
                0x00118a70        0x5 C:/devkitPro/libctru/lib\libctru.a(srv.o)
 .rodata.archive_utf16path.str1.4
                0x00118a70        0x2 C:/devkitPro/libctru/lib\libctru.a(archive_dev.o)
 .rodata._archiveUnmountDeviceStruct.part.0.str1.4
                0x00118a70        0x2 C:/devkitPro/libctru/lib\libctru.a(archive_dev.o)
 .rodata._archiveMountDevice.str1.4
                0x00118a70        0xc C:/devkitPro/libctru/lib\libctru.a(archive_dev.o)
 .rodata.archiveMountSdmc.str1.4
                0x00118a70        0x5 C:/devkitPro/libctru/lib\libctru.a(archive_dev.o)
 .rodata.error_table
                0x00118a70       0x30 C:/devkitPro/libctru/lib\libctru.a(archive_dev.o)
 .rodata.str1.4
                0x00118aa0        0x8 C:/devkitPro/libctru/lib\libctru.a(archive_dev.o)
 .rodata.archive_devoptab
                0x00118aa0       0x80 C:/devkitPro/libctru/lib\libctru.a(archive_dev.o)
 .rodata._ctype_
                0x00118b20      0x101 C:/devkitPro/devkitARM/bin/../lib/gcc/arm-none-eabi/15.1.0/../../../../arm-none-eabi/lib/armv6k/fpu\libg.a(libc_a-ctype_.o)
                0x00118b20                _ctype_
 .rodata.AddDevice.str1.4
                0x00118c21        0x8 C:/devkitPro/devkitARM/bin/../lib/gcc/arm-none-eabi/15.1.0/../../../../arm-none-eabi/lib/armv6k/fpu\libsysbase.a(libsysbase_libsysbase_a-iosupport.o)
 *fill*         0x00118c21        0x3 
 .rodata.dotab_stdnull
                0x00118c24       0x80 C:/devkitPro/devkitARM/bin/../lib/gcc/arm-none-eabi/15.1.0/../../../../arm-none-eabi/lib/armv6k/fpu\libsysbase.a(libsysbase_libsysbase_a-iosupport.o)
                0x00118c24                dotab_stdnull
 *all.rodata*(*)
 *(.gnu.linkonce.r*)
                0x00118ca4                        . = ALIGN (0x4)
                0x00118ca4                        __tdata_align = .
                0x00118ca4        0x4 LONG 0x4 ALIGNOF (.tdata)
                0x00118ca8                        . = ALIGN (0x4)

.eh_frame       0x00118ca8        0x0
 .eh_frame      0x00118ca8        0x0 C:/devkitPro/devkitARM/bin/../lib/gcc/arm-none-eabi/15.1.0/armv6k/fpu/crtbegin.o

.rel.dyn        0x00118ca8        0x0
 .rel.iplt      0x00118ca8        0x0 C:/devkitPro/devkitARM/bin/../lib/gcc/arm-none-eabi/15.1.0/../../../../arm-none-eabi/lib/armv6k/fpu/3dsx_crt0.o
 .rel.got       0x00118ca8        0x0 C:/devkitPro/devkitARM/bin/../lib/gcc/arm-none-eabi/15.1.0/../../../../arm-none-eabi/lib/armv6k/fpu/3dsx_crt0.o

.ARM.extab
 *(.ARM.extab* .gnu.linkonce.armextab.*)
                0x00118ca8                        __exidx_start = .

.ARM.exidx
 *(.ARM.exidx* .gnu.linkonce.armexidx.*)
                0x00118ca8                        __exidx_end = .
                0x00119000                        . = ALIGN (0x1000)

.data           0x00119000     0x1a3c
 *(.data)
 *(.data.*)
 .data.framerateCounter
                0x00119000        0x8 C:/devkitPro/libctru/lib\libcitro3d.a(renderqueue.o)
 .data.framerate
                0x00119008        0x4 C:/devkitPro/libctru/lib\libcitro3d.a(renderqueue.o)
 .data.queueLock
                0x0011900c        0x4 C:/devkitPro/libctru/lib\libctru.a(gxqueue.o)
 .data.aptChainloadDeliverArgSize
                0x00119010        0x4 C:/devkitPro/libctru/lib\libctru.a(apt.o)
 .data.kCount   0x00119014        0x4 C:/devkitPro/libctru/lib\libctru.a(hid.o)
 .data.kInterval
                0x00119018        0x4 C:/devkitPro/libctru/lib\libctru.a(hid.o)
 .data.kDelay   0x0011901c        0x4 C:/devkitPro/libctru/lib\libctru.a(hid.o)
 .data.__stacksize__
                0x00119020        0x4 C:/devkitPro/libctru/lib\libctru.a(stack_adjust.o)
                0x00119020                __stacksize__
 .data.__sglue  0x00119024        0xc C:/devkitPro/devkitARM/bin/../lib/gcc/arm-none-eabi/15.1.0/../../../../arm-none-eabi/lib/armv6k/fpu\libg.a(libc_a-findfp.o)
                0x00119024                __sglue
 .data.__malloc_sbrk_base
                0x00119030        0x4 C:/devkitPro/devkitARM/bin/../lib/gcc/arm-none-eabi/15.1.0/../../../../arm-none-eabi/lib/armv6k/fpu\libg.a(libc_a-mallocr.o)
                0x00119030                __malloc_sbrk_base
 .data.__malloc_trim_threshold
                0x00119034        0x4 C:/devkitPro/devkitARM/bin/../lib/gcc/arm-none-eabi/15.1.0/../../../../arm-none-eabi/lib/armv6k/fpu\libg.a(libc_a-mallocr.o)
                0x00119034                __malloc_trim_threshold
 .data.__malloc_av_
                0x00119038      0x408 C:/devkitPro/devkitARM/bin/../lib/gcc/arm-none-eabi/15.1.0/../../../../arm-none-eabi/lib/armv6k/fpu\libg.a(libc_a-mallocr.o)
                0x00119038                __malloc_av_
 .data._impure_ptr